Archive member included because of file (symbol)

c:/program files (x86)/atmel/avr studio 5.1/extensions/atmel/avrgcc/3.3.1.27/avrtoolchain/bin/../lib/gcc/avr/4.5.1/../../../../avr/lib/avrxmega6\libm.a(addsf3.o)
                              src/adc_example1_gfx.o (__addsf3)
c:/program files (x86)/atmel/avr studio 5.1/extensions/atmel/avrgcc/3.3.1.27/avrtoolchain/bin/../lib/gcc/avr/4.5.1/../../../../avr/lib/avrxmega6\libm.a(addsf3x.o)
                              c:/program files (x86)/atmel/avr studio 5.1/extensions/atmel/avrgcc/3.3.1.27/avrtoolchain/bin/../lib/gcc/avr/4.5.1/../../../../avr/lib/avrxmega6\libm.a(addsf3.o) (__addsf3x)
c:/program files (x86)/atmel/avr studio 5.1/extensions/atmel/avrgcc/3.3.1.27/avrtoolchain/bin/../lib/gcc/avr/4.5.1/../../../../avr/lib/avrxmega6\libm.a(fixsfsi.o)
                              src/adc_example1_gfx.o (__fixsfsi)
c:/program files (x86)/atmel/avr studio 5.1/extensions/atmel/avrgcc/3.3.1.27/avrtoolchain/bin/../lib/gcc/avr/4.5.1/../../../../avr/lib/avrxmega6\libm.a(fixunssfsi.o)
                              c:/program files (x86)/atmel/avr studio 5.1/extensions/atmel/avrgcc/3.3.1.27/avrtoolchain/bin/../lib/gcc/avr/4.5.1/../../../../avr/lib/avrxmega6\libm.a(fixsfsi.o) (__fixunssfsi)
c:/program files (x86)/atmel/avr studio 5.1/extensions/atmel/avrgcc/3.3.1.27/avrtoolchain/bin/../lib/gcc/avr/4.5.1/../../../../avr/lib/avrxmega6\libm.a(floatsisf.o)
                              src/adc_example1_gfx.o (__floatunsisf)
c:/program files (x86)/atmel/avr studio 5.1/extensions/atmel/avrgcc/3.3.1.27/avrtoolchain/bin/../lib/gcc/avr/4.5.1/../../../../avr/lib/avrxmega6\libm.a(fp_inf.o)
                              c:/program files (x86)/atmel/avr studio 5.1/extensions/atmel/avrgcc/3.3.1.27/avrtoolchain/bin/../lib/gcc/avr/4.5.1/../../../../avr/lib/avrxmega6\libm.a(addsf3x.o) (__fp_inf)
c:/program files (x86)/atmel/avr studio 5.1/extensions/atmel/avrgcc/3.3.1.27/avrtoolchain/bin/../lib/gcc/avr/4.5.1/../../../../avr/lib/avrxmega6\libm.a(fp_nan.o)
                              c:/program files (x86)/atmel/avr studio 5.1/extensions/atmel/avrgcc/3.3.1.27/avrtoolchain/bin/../lib/gcc/avr/4.5.1/../../../../avr/lib/avrxmega6\libm.a(addsf3x.o) (__fp_nan)
c:/program files (x86)/atmel/avr studio 5.1/extensions/atmel/avrgcc/3.3.1.27/avrtoolchain/bin/../lib/gcc/avr/4.5.1/../../../../avr/lib/avrxmega6\libm.a(fp_pscA.o)
                              c:/program files (x86)/atmel/avr studio 5.1/extensions/atmel/avrgcc/3.3.1.27/avrtoolchain/bin/../lib/gcc/avr/4.5.1/../../../../avr/lib/avrxmega6\libm.a(addsf3x.o) (__fp_pscA)
c:/program files (x86)/atmel/avr studio 5.1/extensions/atmel/avrgcc/3.3.1.27/avrtoolchain/bin/../lib/gcc/avr/4.5.1/../../../../avr/lib/avrxmega6\libm.a(fp_pscB.o)
                              c:/program files (x86)/atmel/avr studio 5.1/extensions/atmel/avrgcc/3.3.1.27/avrtoolchain/bin/../lib/gcc/avr/4.5.1/../../../../avr/lib/avrxmega6\libm.a(addsf3x.o) (__fp_pscB)
c:/program files (x86)/atmel/avr studio 5.1/extensions/atmel/avrgcc/3.3.1.27/avrtoolchain/bin/../lib/gcc/avr/4.5.1/../../../../avr/lib/avrxmega6\libm.a(fp_round.o)
                              c:/program files (x86)/atmel/avr studio 5.1/extensions/atmel/avrgcc/3.3.1.27/avrtoolchain/bin/../lib/gcc/avr/4.5.1/../../../../avr/lib/avrxmega6\libm.a(addsf3.o) (__fp_round)
c:/program files (x86)/atmel/avr studio 5.1/extensions/atmel/avrgcc/3.3.1.27/avrtoolchain/bin/../lib/gcc/avr/4.5.1/../../../../avr/lib/avrxmega6\libm.a(fp_split3.o)
                              c:/program files (x86)/atmel/avr studio 5.1/extensions/atmel/avrgcc/3.3.1.27/avrtoolchain/bin/../lib/gcc/avr/4.5.1/../../../../avr/lib/avrxmega6\libm.a(addsf3x.o) (__fp_split3)
c:/program files (x86)/atmel/avr studio 5.1/extensions/atmel/avrgcc/3.3.1.27/avrtoolchain/bin/../lib/gcc/avr/4.5.1/../../../../avr/lib/avrxmega6\libm.a(fp_zero.o)
                              c:/program files (x86)/atmel/avr studio 5.1/extensions/atmel/avrgcc/3.3.1.27/avrtoolchain/bin/../lib/gcc/avr/4.5.1/../../../../avr/lib/avrxmega6\libm.a(addsf3x.o) (__fp_zero)
c:/program files (x86)/atmel/avr studio 5.1/extensions/atmel/avrgcc/3.3.1.27/avrtoolchain/bin/../lib/gcc/avr/4.5.1/../../../../avr/lib/avrxmega6\libm.a(mulsf3.o)
                              src/adc_example1_gfx.o (__mulsf3)
c:/program files (x86)/atmel/avr studio 5.1/extensions/atmel/avrgcc/3.3.1.27/avrtoolchain/bin/../lib/gcc/avr/4.5.1/../../../../avr/lib/avrxmega6\libm.a(mulsf3x.o)
                              c:/program files (x86)/atmel/avr studio 5.1/extensions/atmel/avrgcc/3.3.1.27/avrtoolchain/bin/../lib/gcc/avr/4.5.1/../../../../avr/lib/avrxmega6\libm.a(mulsf3.o) (__mulsf3x)
c:/program files (x86)/atmel/avr studio 5.1/extensions/atmel/avrgcc/3.3.1.27/avrtoolchain/bin/../lib/gcc/avr/4.5.1/avrxmega6\libgcc.a(_udivmodqi4.o)
                              src/asf/common/services/gfx_mono/gfx_mono_menu.o (__udivmodqi4)
c:/program files (x86)/atmel/avr studio 5.1/extensions/atmel/avrgcc/3.3.1.27/avrtoolchain/bin/../lib/gcc/avr/4.5.1/avrxmega6\libgcc.a(_divmodhi4.o)
                              src/adc_example1_gfx.o (__divmodhi4)
c:/program files (x86)/atmel/avr studio 5.1/extensions/atmel/avrgcc/3.3.1.27/avrtoolchain/bin/../lib/gcc/avr/4.5.1/avrxmega6\libgcc.a(_udivmodsi4.o)
                              src/adc_example1_gfx.o (__udivmodsi4)
c:/program files (x86)/atmel/avr studio 5.1/extensions/atmel/avrgcc/3.3.1.27/avrtoolchain/bin/../lib/gcc/avr/4.5.1/avrxmega6\libgcc.a(_divmodsi4.o)
                              src/adc_example1_gfx.o (__divmodsi4)
c:/program files (x86)/atmel/avr studio 5.1/extensions/atmel/avrgcc/3.3.1.27/avrtoolchain/bin/../lib/gcc/avr/4.5.1/avrxmega6\libgcc.a(_exit.o)
                              c:/program files (x86)/atmel/avr studio 5.1/extensions/atmel/avrgcc/3.3.1.27/avrtoolchain/bin/../lib/gcc/avr/4.5.1/../../../../avr/lib/avrxmega6/crtx256a3bu.o (exit)
c:/program files (x86)/atmel/avr studio 5.1/extensions/atmel/avrgcc/3.3.1.27/avrtoolchain/bin/../lib/gcc/avr/4.5.1/avrxmega6\libgcc.a(_copy_data.o)
                              src/asf/common/services/gfx_mono/gfx_mono_menu.o (__do_copy_data)
c:/program files (x86)/atmel/avr studio 5.1/extensions/atmel/avrgcc/3.3.1.27/avrtoolchain/bin/../lib/gcc/avr/4.5.1/avrxmega6\libgcc.a(_clear_bss.o)
                              src/adc_example1_gfx.o (__do_clear_bss)
c:/program files (x86)/atmel/avr studio 5.1/extensions/atmel/avrgcc/3.3.1.27/avrtoolchain/bin/../lib/gcc/avr/4.5.1/avrxmega6\libgcc.a(_udivmodhi4.o)
                              c:/program files (x86)/atmel/avr studio 5.1/extensions/atmel/avrgcc/3.3.1.27/avrtoolchain/bin/../lib/gcc/avr/4.5.1/avrxmega6\libgcc.a(_divmodhi4.o) (__udivmodhi4)
c:/program files (x86)/atmel/avr studio 5.1/extensions/atmel/avrgcc/3.3.1.27/avrtoolchain/bin/../lib/gcc/avr/4.5.1/../../../../avr/lib/avrxmega6\libc.a(memcpy.o)
                              src/asf/xmega/drivers/nvm/nvm.o (memcpy)

Allocating common symbols
Common symbol       size              file

adc_conft           0x7               src/adc_example1_gfx.o
temp                0xc               src/adc_example1_gfx.o
light               0xc               src/adc_example1_gfx.o
current_temperature
                    0x2               src/adc_example1_gfx.o
adcch_conft         0x4               src/adc_example1_gfx.o
current_light       0x2               src/adc_example1_gfx.o
Taverage            0x20              src/adc_example1_gfx.o
sleepmgr_locks      0x6               src/asf/common/services/sleepmgr/xmega/sleepmgr.o
adc_confl           0x7               src/adc_example1_gfx.o
Laverage            0x20              src/adc_example1_gfx.o
adcch_confl         0x4               src/adc_example1_gfx.o

Discarded input sections

 .data          0x00000000        0x0 c:/program files (x86)/atmel/avr studio 5.1/extensions/atmel/avrgcc/3.3.1.27/avrtoolchain/bin/../lib/gcc/avr/4.5.1/../../../../avr/lib/avrxmega6/crtx256a3bu.o
 .bss           0x00000000        0x0 c:/program files (x86)/atmel/avr studio 5.1/extensions/atmel/avrgcc/3.3.1.27/avrtoolchain/bin/../lib/gcc/avr/4.5.1/../../../../avr/lib/avrxmega6/crtx256a3bu.o
 .text          0x00000000        0x0 src/adc_example1_gfx.o
 .data          0x00000000        0x0 src/adc_example1_gfx.o
 .bss           0x00000000        0x0 src/adc_example1_gfx.o
 .text          0x00000000        0x0 src/asf/common/components/display/st7565r/st7565r.o
 .data          0x00000000        0x0 src/asf/common/components/display/st7565r/st7565r.o
 .bss           0x00000000        0x0 src/asf/common/components/display/st7565r/st7565r.o
 .text          0x00000000        0x0 src/asf/common/services/clock/xmega/sysclk.o
 .data          0x00000000        0x0 src/asf/common/services/clock/xmega/sysclk.o
 .bss           0x00000000        0x0 src/asf/common/services/clock/xmega/sysclk.o
 .text.sysclk_enable_usb
                0x00000000       0x3a src/asf/common/services/clock/xmega/sysclk.o
 .text.sysclk_disable_usb
                0x00000000       0x14 src/asf/common/services/clock/xmega/sysclk.o
 .text          0x00000000        0x0 src/asf/common/services/gfx_mono/gfx_mono_c12832_a1z.o
 .data          0x00000000        0x0 src/asf/common/services/gfx_mono/gfx_mono_c12832_a1z.o
 .bss           0x00000000        0x0 src/asf/common/services/gfx_mono/gfx_mono_c12832_a1z.o
 .text.gfx_mono_st7565r_put_page
                0x00000000      0x128 src/asf/common/services/gfx_mono/gfx_mono_c12832_a1z.o
 .text.gfx_mono_st7565r_put_framebuffer
                0x00000000       0xe2 src/asf/common/services/gfx_mono/gfx_mono_c12832_a1z.o
 .text.gfx_mono_st7565r_get_page
                0x00000000        0x6 src/asf/common/services/gfx_mono/gfx_mono_c12832_a1z.o
 .text.gfx_mono_st7565r_get_byte
                0x00000000        0x6 src/asf/common/services/gfx_mono/gfx_mono_c12832_a1z.o
 .text.gfx_mono_st7565r_get_pixel
                0x00000000       0x54 src/asf/common/services/gfx_mono/gfx_mono_c12832_a1z.o
 .text.gfx_mono_st7565r_draw_pixel
                0x00000000       0x7e src/asf/common/services/gfx_mono/gfx_mono_c12832_a1z.o
 .text.gfx_mono_st7565r_mask_byte
                0x00000000       0x42 src/asf/common/services/gfx_mono/gfx_mono_c12832_a1z.o
 .text          0x00000000        0x0 src/asf/common/services/gfx_mono/gfx_mono_framebuffer.o
 .data          0x00000000        0x0 src/asf/common/services/gfx_mono/gfx_mono_framebuffer.o
 .bss           0x00000000        0x0 src/asf/common/services/gfx_mono/gfx_mono_framebuffer.o
 .text.gfx_mono_framebuffer_put_page
                0x00000000       0x2c src/asf/common/services/gfx_mono/gfx_mono_framebuffer.o
 .text.gfx_mono_framebuffer_get_page
                0x00000000       0x2a src/asf/common/services/gfx_mono/gfx_mono_framebuffer.o
 .text.gfx_mono_framebuffer_get_byte
                0x00000000       0x22 src/asf/common/services/gfx_mono/gfx_mono_framebuffer.o
 .text.gfx_mono_framebuffer_get_pixel
                0x00000000       0x54 src/asf/common/services/gfx_mono/gfx_mono_framebuffer.o
 .text.gfx_mono_framebuffer_draw_pixel
                0x00000000       0x7e src/asf/common/services/gfx_mono/gfx_mono_framebuffer.o
 .text.gfx_mono_framebuffer_mask_byte
                0x00000000       0x42 src/asf/common/services/gfx_mono/gfx_mono_framebuffer.o
 .text          0x00000000        0x0 src/asf/common/services/gfx_mono/gfx_mono_generic.o
 .data          0x00000000        0x0 src/asf/common/services/gfx_mono/gfx_mono_generic.o
 .bss           0x00000000        0x0 src/asf/common/services/gfx_mono/gfx_mono_generic.o
 .text.gfx_mono_generic_draw_horizontal_line
                0x00000000       0xda src/asf/common/services/gfx_mono/gfx_mono_generic.o
 .text.gfx_mono_generic_draw_vertical_line
                0x00000000       0xb0 src/asf/common/services/gfx_mono/gfx_mono_generic.o
 .text.gfx_mono_generic_draw_line
                0x00000000       0xe4 src/asf/common/services/gfx_mono/gfx_mono_generic.o
 .text.gfx_mono_generic_draw_rect
                0x00000000       0x50 src/asf/common/services/gfx_mono/gfx_mono_generic.o
 .text.gfx_mono_generic_draw_filled_rect
                0x00000000       0x36 src/asf/common/services/gfx_mono/gfx_mono_generic.o
 .text.gfx_mono_generic_draw_circle
                0x00000000      0x1cc src/asf/common/services/gfx_mono/gfx_mono_generic.o
 .text.gfx_mono_generic_draw_filled_circle
                0x00000000      0x1a8 src/asf/common/services/gfx_mono/gfx_mono_generic.o
 .text.gfx_mono_generic_put_bitmap
                0x00000000       0xd4 src/asf/common/services/gfx_mono/gfx_mono_generic.o
 .text          0x00000000        0x0 src/asf/common/services/gfx_mono/gfx_mono_menu.o
 .data          0x00000000        0x0 src/asf/common/services/gfx_mono/gfx_mono_menu.o
 .bss           0x00000000        0x0 src/asf/common/services/gfx_mono/gfx_mono_menu.o
 .text.menu_draw
                0x00000000       0xee src/asf/common/services/gfx_mono/gfx_mono_menu.o
 .text.gfx_mono_menu_init
                0x00000000       0x36 src/asf/common/services/gfx_mono/gfx_mono_menu.o
 .text.gfx_mono_menu_process_key
                0x00000000       0x70 src/asf/common/services/gfx_mono/gfx_mono_menu.o
 .progmem.data  0x00000000        0x4 src/asf/common/services/gfx_mono/gfx_mono_menu.o
 .data.menu_bitmap_indicator
                0x00000000        0x5 src/asf/common/services/gfx_mono/gfx_mono_menu.o
 .bss.redraw_state.4568
                0x00000000        0x1 src/asf/common/services/gfx_mono/gfx_mono_menu.o
 .text          0x00000000        0x0 src/asf/common/services/gfx_mono/gfx_mono_text.o
 .data          0x00000000        0x0 src/asf/common/services/gfx_mono/gfx_mono_text.o
 .bss           0x00000000        0x0 src/asf/common/services/gfx_mono/gfx_mono_text.o
 .text.gfx_mono_draw_char
                0x00000000       0xce src/asf/common/services/gfx_mono/gfx_mono_text.o
 .text.gfx_mono_draw_string
                0x00000000       0x60 src/asf/common/services/gfx_mono/gfx_mono_text.o
 .text.gfx_mono_draw_progmem_string
                0x00000000       0x60 src/asf/common/services/gfx_mono/gfx_mono_text.o
 .text.gfx_mono_get_string_bounding_box
                0x00000000       0x38 src/asf/common/services/gfx_mono/gfx_mono_text.o
 .text.gfx_mono_get_progmem_string_bounding_box
                0x00000000       0x4a src/asf/common/services/gfx_mono/gfx_mono_text.o
 .text          0x00000000        0x0 src/asf/common/services/gfx_mono/sysfont.o
 .data          0x00000000        0x0 src/asf/common/services/gfx_mono/sysfont.o
 .bss           0x00000000        0x0 src/asf/common/services/gfx_mono/sysfont.o
 .data.sysfont  0x00000000        0x7 src/asf/common/services/gfx_mono/sysfont.o
 .progmem.data  0x00000000      0x2a0 src/asf/common/services/gfx_mono/sysfont.o
 .text          0x00000000        0x0 src/asf/common/services/sleepmgr/xmega/sleepmgr.o
 .data          0x00000000        0x0 src/asf/common/services/sleepmgr/xmega/sleepmgr.o
 .bss           0x00000000        0x0 src/asf/common/services/sleepmgr/xmega/sleepmgr.o
 .progmem.data  0x00000000        0x6 src/asf/common/services/sleepmgr/xmega/sleepmgr.o
 .text          0x00000000        0x0 src/asf/common/services/spi/xmega_usart_spi/usart_spi.o
 .data          0x00000000        0x0 src/asf/common/services/spi/xmega_usart_spi/usart_spi.o
 .bss           0x00000000        0x0 src/asf/common/services/spi/xmega_usart_spi/usart_spi.o
 .text.usart_spi_write_packet
                0x00000000       0x2c src/asf/common/services/spi/xmega_usart_spi/usart_spi.o
 .text.usart_spi_read_packet
                0x00000000       0x2e src/asf/common/services/spi/xmega_usart_spi/usart_spi.o
 .text.usart_spi_select_device
                0x00000000       0x36 src/asf/common/services/spi/xmega_usart_spi/usart_spi.o
 .text.usart_spi_deselect_device
                0x00000000       0x36 src/asf/common/services/spi/xmega_usart_spi/usart_spi.o
 .text          0x00000000        0x0 src/asf/xmega/boards/xmega_a3bu_xplained/init.o
 .data          0x00000000        0x0 src/asf/xmega/boards/xmega_a3bu_xplained/init.o
 .bss           0x00000000        0x0 src/asf/xmega/boards/xmega_a3bu_xplained/init.o
 .text          0x00000000        0x0 src/asf/xmega/drivers/adc/adc.o
 .data          0x00000000        0x0 src/asf/xmega/drivers/adc/adc.o
 .bss           0x00000000        0x0 src/asf/xmega/drivers/adc/adc.o
 .text.adc_disable
                0x00000000       0x28 src/asf/xmega/drivers/adc/adc.o
 .text.adc_is_enabled
                0x00000000       0x30 src/asf/xmega/drivers/adc/adc.o
 .text          0x00000000        0x0 src/asf/xmega/drivers/cpu/ccp.o
 .data          0x00000000        0x0 src/asf/xmega/drivers/cpu/ccp.o
 .bss           0x00000000        0x0 src/asf/xmega/drivers/cpu/ccp.o
 .text          0x00000000        0x0 src/asf/xmega/drivers/ioport/ioport.o
 .data          0x00000000        0x0 src/asf/xmega/drivers/ioport/ioport.o
 .bss           0x00000000        0x0 src/asf/xmega/drivers/ioport/ioport.o
 .text          0x00000000        0x0 src/asf/xmega/drivers/nvm/nvm.o
 .data          0x00000000        0x0 src/asf/xmega/drivers/nvm/nvm.o
 .bss           0x00000000        0x0 src/asf/xmega/drivers/nvm/nvm.o
 .text.nvm_read_device_serial
                0x00000000       0x90 src/asf/xmega/drivers/nvm/nvm.o
 .text.nvm_eeprom_read_byte
                0x00000000       0x36 src/asf/xmega/drivers/nvm/nvm.o
 .text.nvm_eeprom_read_buffer
                0x00000000       0x36 src/asf/xmega/drivers/nvm/nvm.o
 .text.nvm_eeprom_flush_buffer
                0x00000000       0x24 src/asf/xmega/drivers/nvm/nvm.o
 .text.nvm_eeprom_write_byte
                0x00000000       0x54 src/asf/xmega/drivers/nvm/nvm.o
 .text.nvm_eeprom_load_byte_to_buffer
                0x00000000       0x20 src/asf/xmega/drivers/nvm/nvm.o
 .text.nvm_eeprom_load_page_to_buffer
                0x00000000       0x30 src/asf/xmega/drivers/nvm/nvm.o
 .text.nvm_eeprom_atomic_write_page
                0x00000000       0x46 src/asf/xmega/drivers/nvm/nvm.o
 .text.nvm_eeprom_erase_and_write_buffer
                0x00000000       0x90 src/asf/xmega/drivers/nvm/nvm.o
 .text.nvm_eeprom_split_write_page
                0x00000000       0x46 src/asf/xmega/drivers/nvm/nvm.o
 .text.nvm_eeprom_fill_buffer_with_value
                0x00000000       0x3e src/asf/xmega/drivers/nvm/nvm.o
 .text.nvm_eeprom_erase_bytes_in_page
                0x00000000       0x46 src/asf/xmega/drivers/nvm/nvm.o
 .text.nvm_eeprom_erase_page
                0x00000000       0x14 src/asf/xmega/drivers/nvm/nvm.o
 .text.nvm_eeprom_erase_bytes_in_all_pages
                0x00000000       0x2e src/asf/xmega/drivers/nvm/nvm.o
 .text.nvm_eeprom_erase_all
                0x00000000        0xc src/asf/xmega/drivers/nvm/nvm.o
 .text.nvm_issue_flash_range_crc
                0x00000000       0x60 src/asf/xmega/drivers/nvm/nvm.o
 .text.nvm_flash_read_buffer
                0x00000000       0x5c src/asf/xmega/drivers/nvm/nvm.o
 .text.nvm_user_sig_read_buffer
                0x00000000       0x3c src/asf/xmega/drivers/nvm/nvm.o
 .text.nvm_user_sig_write_buffer
                0x00000000      0x162 src/asf/xmega/drivers/nvm/nvm.o
 .text.nvm_flash_erase_and_write_buffer
                0x00000000      0x1aa src/asf/xmega/drivers/nvm/nvm.o
 .text.nvm_fuses_read
                0x00000000       0x32 src/asf/xmega/drivers/nvm/nvm.o
 .text          0x00000000        0x0 src/asf/xmega/drivers/nvm/nvm_asm.o
 .data          0x00000000        0x0 src/asf/xmega/drivers/nvm/nvm_asm.o
 .bss           0x00000000        0x0 src/asf/xmega/drivers/nvm/nvm_asm.o
 .BOOT          0x00000000       0x44 src/asf/xmega/drivers/nvm/nvm_asm.o
 .text          0x00000000        0x0 src/asf/xmega/drivers/tc/tc.o
 .data          0x00000000        0x0 src/asf/xmega/drivers/tc/tc.o
 .bss           0x00000000        0x0 src/asf/xmega/drivers/tc/tc.o
 .text.tc_disable
                0x00000000       0xd6 src/asf/xmega/drivers/tc/tc.o
 .text.tc_set_error_interrupt_callback
                0x00000000       0x7e src/asf/xmega/drivers/tc/tc.o
 .text.tc_set_cca_interrupt_callback
                0x00000000       0x7e src/asf/xmega/drivers/tc/tc.o
 .text.tc_set_ccb_interrupt_callback
                0x00000000       0x7e src/asf/xmega/drivers/tc/tc.o
 .text.tc_set_ccc_interrupt_callback
                0x00000000       0x48 src/asf/xmega/drivers/tc/tc.o
 .text.tc_set_ccd_interrupt_callback
                0x00000000       0x48 src/asf/xmega/drivers/tc/tc.o
 .text          0x00000000        0x0 src/asf/xmega/drivers/usart/usart.o
 .data          0x00000000        0x0 src/asf/xmega/drivers/usart/usart.o
 .bss           0x00000000        0x0 src/asf/xmega/drivers/usart/usart.o
 .text.usart_putchar
                0x00000000       0x10 src/asf/xmega/drivers/usart/usart.o
 .text.usart_getchar
                0x00000000        0xc src/asf/xmega/drivers/usart/usart.o
 .text.usart_set_bsel_bscale_value
                0x00000000       0x10 src/asf/xmega/drivers/usart/usart.o
 .text.usart_set_baudrate_precalculated
                0x00000000      0x106 src/asf/xmega/drivers/usart/usart.o
 .text.usart_set_baudrate
                0x00000000      0x20e src/asf/xmega/drivers/usart/usart.o
 .text.usart_init_rs232
                0x00000000       0xc2 src/asf/xmega/drivers/usart/usart.o
 .progmem.data  0x00000000       0x1c src/asf/xmega/drivers/usart/usart.o
 .text          0x00000000        0x0 c:/program files (x86)/atmel/avr studio 5.1/extensions/atmel/avrgcc/3.3.1.27/avrtoolchain/bin/../lib/gcc/avr/4.5.1/../../../../avr/lib/avrxmega6\libm.a(addsf3.o)
 .data          0x00000000        0x0 c:/program files (x86)/atmel/avr studio 5.1/extensions/atmel/avrgcc/3.3.1.27/avrtoolchain/bin/../lib/gcc/avr/4.5.1/../../../../avr/lib/avrxmega6\libm.a(addsf3.o)
 .bss           0x00000000        0x0 c:/program files (x86)/atmel/avr studio 5.1/extensions/atmel/avrgcc/3.3.1.27/avrtoolchain/bin/../lib/gcc/avr/4.5.1/../../../../avr/lib/avrxmega6\libm.a(addsf3.o)
 .text          0x00000000        0x0 c:/program files (x86)/atmel/avr studio 5.1/extensions/atmel/avrgcc/3.3.1.27/avrtoolchain/bin/../lib/gcc/avr/4.5.1/../../../../avr/lib/avrxmega6\libm.a(addsf3x.o)
 .data          0x00000000        0x0 c:/program files (x86)/atmel/avr studio 5.1/extensions/atmel/avrgcc/3.3.1.27/avrtoolchain/bin/../lib/gcc/avr/4.5.1/../../../../avr/lib/avrxmega6\libm.a(addsf3x.o)
 .bss           0x00000000        0x0 c:/program files (x86)/atmel/avr studio 5.1/extensions/atmel/avrgcc/3.3.1.27/avrtoolchain/bin/../lib/gcc/avr/4.5.1/../../../../avr/lib/avrxmega6\libm.a(addsf3x.o)
 .text          0x00000000        0x0 c:/program files (x86)/atmel/avr studio 5.1/extensions/atmel/avrgcc/3.3.1.27/avrtoolchain/bin/../lib/gcc/avr/4.5.1/../../../../avr/lib/avrxmega6\libm.a(fixsfsi.o)
 .data          0x00000000        0x0 c:/program files (x86)/atmel/avr studio 5.1/extensions/atmel/avrgcc/3.3.1.27/avrtoolchain/bin/../lib/gcc/avr/4.5.1/../../../../avr/lib/avrxmega6\libm.a(fixsfsi.o)
 .bss           0x00000000        0x0 c:/program files (x86)/atmel/avr studio 5.1/extensions/atmel/avrgcc/3.3.1.27/avrtoolchain/bin/../lib/gcc/avr/4.5.1/../../../../avr/lib/avrxmega6\libm.a(fixsfsi.o)
 .text          0x00000000        0x0 c:/program files (x86)/atmel/avr studio 5.1/extensions/atmel/avrgcc/3.3.1.27/avrtoolchain/bin/../lib/gcc/avr/4.5.1/../../../../avr/lib/avrxmega6\libm.a(fixunssfsi.o)
 .data          0x00000000        0x0 c:/program files (x86)/atmel/avr studio 5.1/extensions/atmel/avrgcc/3.3.1.27/avrtoolchain/bin/../lib/gcc/avr/4.5.1/../../../../avr/lib/avrxmega6\libm.a(fixunssfsi.o)
 .bss           0x00000000        0x0 c:/program files (x86)/atmel/avr studio 5.1/extensions/atmel/avrgcc/3.3.1.27/avrtoolchain/bin/../lib/gcc/avr/4.5.1/../../../../avr/lib/avrxmega6\libm.a(fixunssfsi.o)
 .text          0x00000000        0x0 c:/program files (x86)/atmel/avr studio 5.1/extensions/atmel/avrgcc/3.3.1.27/avrtoolchain/bin/../lib/gcc/avr/4.5.1/../../../../avr/lib/avrxmega6\libm.a(floatsisf.o)
 .data          0x00000000        0x0 c:/program files (x86)/atmel/avr studio 5.1/extensions/atmel/avrgcc/3.3.1.27/avrtoolchain/bin/../lib/gcc/avr/4.5.1/../../../../avr/lib/avrxmega6\libm.a(floatsisf.o)
 .bss           0x00000000        0x0 c:/program files (x86)/atmel/avr studio 5.1/extensions/atmel/avrgcc/3.3.1.27/avrtoolchain/bin/../lib/gcc/avr/4.5.1/../../../../avr/lib/avrxmega6\libm.a(floatsisf.o)
 .text          0x00000000        0x0 c:/program files (x86)/atmel/avr studio 5.1/extensions/atmel/avrgcc/3.3.1.27/avrtoolchain/bin/../lib/gcc/avr/4.5.1/../../../../avr/lib/avrxmega6\libm.a(fp_inf.o)
 .data          0x00000000        0x0 c:/program files (x86)/atmel/avr studio 5.1/extensions/atmel/avrgcc/3.3.1.27/avrtoolchain/bin/../lib/gcc/avr/4.5.1/../../../../avr/lib/avrxmega6\libm.a(fp_inf.o)
 .bss           0x00000000        0x0 c:/program files (x86)/atmel/avr studio 5.1/extensions/atmel/avrgcc/3.3.1.27/avrtoolchain/bin/../lib/gcc/avr/4.5.1/../../../../avr/lib/avrxmega6\libm.a(fp_inf.o)
 .text          0x00000000        0x0 c:/program files (x86)/atmel/avr studio 5.1/extensions/atmel/avrgcc/3.3.1.27/avrtoolchain/bin/../lib/gcc/avr/4.5.1/../../../../avr/lib/avrxmega6\libm.a(fp_nan.o)
 .data          0x00000000        0x0 c:/program files (x86)/atmel/avr studio 5.1/extensions/atmel/avrgcc/3.3.1.27/avrtoolchain/bin/../lib/gcc/avr/4.5.1/../../../../avr/lib/avrxmega6\libm.a(fp_nan.o)
 .bss           0x00000000        0x0 c:/program files (x86)/atmel/avr studio 5.1/extensions/atmel/avrgcc/3.3.1.27/avrtoolchain/bin/../lib/gcc/avr/4.5.1/../../../../avr/lib/avrxmega6\libm.a(fp_nan.o)
 .text          0x00000000        0x0 c:/program files (x86)/atmel/avr studio 5.1/extensions/atmel/avrgcc/3.3.1.27/avrtoolchain/bin/../lib/gcc/avr/4.5.1/../../../../avr/lib/avrxmega6\libm.a(fp_pscA.o)
 .data          0x00000000        0x0 c:/program files (x86)/atmel/avr studio 5.1/extensions/atmel/avrgcc/3.3.1.27/avrtoolchain/bin/../lib/gcc/avr/4.5.1/../../../../avr/lib/avrxmega6\libm.a(fp_pscA.o)
 .bss           0x00000000        0x0 c:/program files (x86)/atmel/avr studio 5.1/extensions/atmel/avrgcc/3.3.1.27/avrtoolchain/bin/../lib/gcc/avr/4.5.1/../../../../avr/lib/avrxmega6\libm.a(fp_pscA.o)
 .text          0x00000000        0x0 c:/program files (x86)/atmel/avr studio 5.1/extensions/atmel/avrgcc/3.3.1.27/avrtoolchain/bin/../lib/gcc/avr/4.5.1/../../../../avr/lib/avrxmega6\libm.a(fp_pscB.o)
 .data          0x00000000        0x0 c:/program files (x86)/atmel/avr studio 5.1/extensions/atmel/avrgcc/3.3.1.27/avrtoolchain/bin/../lib/gcc/avr/4.5.1/../../../../avr/lib/avrxmega6\libm.a(fp_pscB.o)
 .bss           0x00000000        0x0 c:/program files (x86)/atmel/avr studio 5.1/extensions/atmel/avrgcc/3.3.1.27/avrtoolchain/bin/../lib/gcc/avr/4.5.1/../../../../avr/lib/avrxmega6\libm.a(fp_pscB.o)
 .text          0x00000000        0x0 c:/program files (x86)/atmel/avr studio 5.1/extensions/atmel/avrgcc/3.3.1.27/avrtoolchain/bin/../lib/gcc/avr/4.5.1/../../../../avr/lib/avrxmega6\libm.a(fp_round.o)
 .data          0x00000000        0x0 c:/program files (x86)/atmel/avr studio 5.1/extensions/atmel/avrgcc/3.3.1.27/avrtoolchain/bin/../lib/gcc/avr/4.5.1/../../../../avr/lib/avrxmega6\libm.a(fp_round.o)
 .bss           0x00000000        0x0 c:/program files (x86)/atmel/avr studio 5.1/extensions/atmel/avrgcc/3.3.1.27/avrtoolchain/bin/../lib/gcc/avr/4.5.1/../../../../avr/lib/avrxmega6\libm.a(fp_round.o)
 .text          0x00000000        0x0 c:/program files (x86)/atmel/avr studio 5.1/extensions/atmel/avrgcc/3.3.1.27/avrtoolchain/bin/../lib/gcc/avr/4.5.1/../../../../avr/lib/avrxmega6\libm.a(fp_split3.o)
 .data          0x00000000        0x0 c:/program files (x86)/atmel/avr studio 5.1/extensions/atmel/avrgcc/3.3.1.27/avrtoolchain/bin/../lib/gcc/avr/4.5.1/../../../../avr/lib/avrxmega6\libm.a(fp_split3.o)
 .bss           0x00000000        0x0 c:/program files (x86)/atmel/avr studio 5.1/extensions/atmel/avrgcc/3.3.1.27/avrtoolchain/bin/../lib/gcc/avr/4.5.1/../../../../avr/lib/avrxmega6\libm.a(fp_split3.o)
 .text          0x00000000        0x0 c:/program files (x86)/atmel/avr studio 5.1/extensions/atmel/avrgcc/3.3.1.27/avrtoolchain/bin/../lib/gcc/avr/4.5.1/../../../../avr/lib/avrxmega6\libm.a(fp_zero.o)
 .data          0x00000000        0x0 c:/program files (x86)/atmel/avr studio 5.1/extensions/atmel/avrgcc/3.3.1.27/avrtoolchain/bin/../lib/gcc/avr/4.5.1/../../../../avr/lib/avrxmega6\libm.a(fp_zero.o)
 .bss           0x00000000        0x0 c:/program files (x86)/atmel/avr studio 5.1/extensions/atmel/avrgcc/3.3.1.27/avrtoolchain/bin/../lib/gcc/avr/4.5.1/../../../../avr/lib/avrxmega6\libm.a(fp_zero.o)
 .text          0x00000000        0x0 c:/program files (x86)/atmel/avr studio 5.1/extensions/atmel/avrgcc/3.3.1.27/avrtoolchain/bin/../lib/gcc/avr/4.5.1/../../../../avr/lib/avrxmega6\libm.a(mulsf3.o)
 .data          0x00000000        0x0 c:/program files (x86)/atmel/avr studio 5.1/extensions/atmel/avrgcc/3.3.1.27/avrtoolchain/bin/../lib/gcc/avr/4.5.1/../../../../avr/lib/avrxmega6\libm.a(mulsf3.o)
 .bss           0x00000000        0x0 c:/program files (x86)/atmel/avr studio 5.1/extensions/atmel/avrgcc/3.3.1.27/avrtoolchain/bin/../lib/gcc/avr/4.5.1/../../../../avr/lib/avrxmega6\libm.a(mulsf3.o)
 .text          0x00000000        0x0 c:/program files (x86)/atmel/avr studio 5.1/extensions/atmel/avrgcc/3.3.1.27/avrtoolchain/bin/../lib/gcc/avr/4.5.1/../../../../avr/lib/avrxmega6\libm.a(mulsf3x.o)
 .data          0x00000000        0x0 c:/program files (x86)/atmel/avr studio 5.1/extensions/atmel/avrgcc/3.3.1.27/avrtoolchain/bin/../lib/gcc/avr/4.5.1/../../../../avr/lib/avrxmega6\libm.a(mulsf3x.o)
 .bss           0x00000000        0x0 c:/program files (x86)/atmel/avr studio 5.1/extensions/atmel/avrgcc/3.3.1.27/avrtoolchain/bin/../lib/gcc/avr/4.5.1/../../../../avr/lib/avrxmega6\libm.a(mulsf3x.o)
 .text          0x00000000        0x0 c:/program files (x86)/atmel/avr studio 5.1/extensions/atmel/avrgcc/3.3.1.27/avrtoolchain/bin/../lib/gcc/avr/4.5.1/avrxmega6\libgcc.a(_udivmodqi4.o)
 .data          0x00000000        0x0 c:/program files (x86)/atmel/avr studio 5.1/extensions/atmel/avrgcc/3.3.1.27/avrtoolchain/bin/../lib/gcc/avr/4.5.1/avrxmega6\libgcc.a(_udivmodqi4.o)
 .bss           0x00000000        0x0 c:/program files (x86)/atmel/avr studio 5.1/extensions/atmel/avrgcc/3.3.1.27/avrtoolchain/bin/../lib/gcc/avr/4.5.1/avrxmega6\libgcc.a(_udivmodqi4.o)
 .text.libgcc   0x00000000       0x18 c:/program files (x86)/atmel/avr studio 5.1/extensions/atmel/avrgcc/3.3.1.27/avrtoolchain/bin/../lib/gcc/avr/4.5.1/avrxmega6\libgcc.a(_udivmodqi4.o)
 .text          0x00000000        0x0 c:/program files (x86)/atmel/avr studio 5.1/extensions/atmel/avrgcc/3.3.1.27/avrtoolchain/bin/../lib/gcc/avr/4.5.1/avrxmega6\libgcc.a(_divmodhi4.o)
 .data          0x00000000        0x0 c:/program files (x86)/atmel/avr studio 5.1/extensions/atmel/avrgcc/3.3.1.27/avrtoolchain/bin/../lib/gcc/avr/4.5.1/avrxmega6\libgcc.a(_divmodhi4.o)
 .bss           0x00000000        0x0 c:/program files (x86)/atmel/avr studio 5.1/extensions/atmel/avrgcc/3.3.1.27/avrtoolchain/bin/../lib/gcc/avr/4.5.1/avrxmega6\libgcc.a(_divmodhi4.o)
 .text          0x00000000        0x0 c:/program files (x86)/atmel/avr studio 5.1/extensions/atmel/avrgcc/3.3.1.27/avrtoolchain/bin/../lib/gcc/avr/4.5.1/avrxmega6\libgcc.a(_udivmodsi4.o)
 .data          0x00000000        0x0 c:/program files (x86)/atmel/avr studio 5.1/extensions/atmel/avrgcc/3.3.1.27/avrtoolchain/bin/../lib/gcc/avr/4.5.1/avrxmega6\libgcc.a(_udivmodsi4.o)
 .bss           0x00000000        0x0 c:/program files (x86)/atmel/avr studio 5.1/extensions/atmel/avrgcc/3.3.1.27/avrtoolchain/bin/../lib/gcc/avr/4.5.1/avrxmega6\libgcc.a(_udivmodsi4.o)
 .text          0x00000000        0x0 c:/program files (x86)/atmel/avr studio 5.1/extensions/atmel/avrgcc/3.3.1.27/avrtoolchain/bin/../lib/gcc/avr/4.5.1/avrxmega6\libgcc.a(_divmodsi4.o)
 .data          0x00000000        0x0 c:/program files (x86)/atmel/avr studio 5.1/extensions/atmel/avrgcc/3.3.1.27/avrtoolchain/bin/../lib/gcc/avr/4.5.1/avrxmega6\libgcc.a(_divmodsi4.o)
 .bss           0x00000000        0x0 c:/program files (x86)/atmel/avr studio 5.1/extensions/atmel/avrgcc/3.3.1.27/avrtoolchain/bin/../lib/gcc/avr/4.5.1/avrxmega6\libgcc.a(_divmodsi4.o)
 .text          0x00000000        0x0 c:/program files (x86)/atmel/avr studio 5.1/extensions/atmel/avrgcc/3.3.1.27/avrtoolchain/bin/../lib/gcc/avr/4.5.1/avrxmega6\libgcc.a(_exit.o)
 .data          0x00000000        0x0 c:/program files (x86)/atmel/avr studio 5.1/extensions/atmel/avrgcc/3.3.1.27/avrtoolchain/bin/../lib/gcc/avr/4.5.1/avrxmega6\libgcc.a(_exit.o)
 .bss           0x00000000        0x0 c:/program files (x86)/atmel/avr studio 5.1/extensions/atmel/avrgcc/3.3.1.27/avrtoolchain/bin/../lib/gcc/avr/4.5.1/avrxmega6\libgcc.a(_exit.o)
 .text.libgcc   0x00000000        0x0 c:/program files (x86)/atmel/avr studio 5.1/extensions/atmel/avrgcc/3.3.1.27/avrtoolchain/bin/../lib/gcc/avr/4.5.1/avrxmega6\libgcc.a(_exit.o)
 .text          0x00000000        0x0 c:/program files (x86)/atmel/avr studio 5.1/extensions/atmel/avrgcc/3.3.1.27/avrtoolchain/bin/../lib/gcc/avr/4.5.1/avrxmega6\libgcc.a(_copy_data.o)
 .data          0x00000000        0x0 c:/program files (x86)/atmel/avr studio 5.1/extensions/atmel/avrgcc/3.3.1.27/avrtoolchain/bin/../lib/gcc/avr/4.5.1/avrxmega6\libgcc.a(_copy_data.o)
 .bss           0x00000000        0x0 c:/program files (x86)/atmel/avr studio 5.1/extensions/atmel/avrgcc/3.3.1.27/avrtoolchain/bin/../lib/gcc/avr/4.5.1/avrxmega6\libgcc.a(_copy_data.o)
 .text.libgcc   0x00000000        0x0 c:/program files (x86)/atmel/avr studio 5.1/extensions/atmel/avrgcc/3.3.1.27/avrtoolchain/bin/../lib/gcc/avr/4.5.1/avrxmega6\libgcc.a(_copy_data.o)
 .text          0x00000000        0x0 c:/program files (x86)/atmel/avr studio 5.1/extensions/atmel/avrgcc/3.3.1.27/avrtoolchain/bin/../lib/gcc/avr/4.5.1/avrxmega6\libgcc.a(_clear_bss.o)
 .data          0x00000000        0x0 c:/program files (x86)/atmel/avr studio 5.1/extensions/atmel/avrgcc/3.3.1.27/avrtoolchain/bin/../lib/gcc/avr/4.5.1/avrxmega6\libgcc.a(_clear_bss.o)
 .bss           0x00000000        0x0 c:/program files (x86)/atmel/avr studio 5.1/extensions/atmel/avrgcc/3.3.1.27/avrtoolchain/bin/../lib/gcc/avr/4.5.1/avrxmega6\libgcc.a(_clear_bss.o)
 .text.libgcc   0x00000000        0x0 c:/program files (x86)/atmel/avr studio 5.1/extensions/atmel/avrgcc/3.3.1.27/avrtoolchain/bin/../lib/gcc/avr/4.5.1/avrxmega6\libgcc.a(_clear_bss.o)
 .text          0x00000000        0x0 c:/program files (x86)/atmel/avr studio 5.1/extensions/atmel/avrgcc/3.3.1.27/avrtoolchain/bin/../lib/gcc/avr/4.5.1/avrxmega6\libgcc.a(_udivmodhi4.o)
 .data          0x00000000        0x0 c:/program files (x86)/atmel/avr studio 5.1/extensions/atmel/avrgcc/3.3.1.27/avrtoolchain/bin/../lib/gcc/avr/4.5.1/avrxmega6\libgcc.a(_udivmodhi4.o)
 .bss           0x00000000        0x0 c:/program files (x86)/atmel/avr studio 5.1/extensions/atmel/avrgcc/3.3.1.27/avrtoolchain/bin/../lib/gcc/avr/4.5.1/avrxmega6\libgcc.a(_udivmodhi4.o)
 .text          0x00000000        0x0 c:/program files (x86)/atmel/avr studio 5.1/extensions/atmel/avrgcc/3.3.1.27/avrtoolchain/bin/../lib/gcc/avr/4.5.1/../../../../avr/lib/avrxmega6\libc.a(memcpy.o)
 .data          0x00000000        0x0 c:/program files (x86)/atmel/avr studio 5.1/extensions/atmel/avrgcc/3.3.1.27/avrtoolchain/bin/../lib/gcc/avr/4.5.1/../../../../avr/lib/avrxmega6\libc.a(memcpy.o)
 .bss           0x00000000        0x0 c:/program files (x86)/atmel/avr studio 5.1/extensions/atmel/avrgcc/3.3.1.27/avrtoolchain/bin/../lib/gcc/avr/4.5.1/../../../../avr/lib/avrxmega6\libc.a(memcpy.o)
 .text.avr-libc
                0x00000000       0x12 c:/program files (x86)/atmel/avr studio 5.1/extensions/atmel/avrgcc/3.3.1.27/avrtoolchain/bin/../lib/gcc/avr/4.5.1/../../../../avr/lib/avrxmega6\libc.a(memcpy.o)

Memory Configuration

Name             Origin             Length             Attributes
text             0x00000000         0x00100000         xr
data             0x00802000         0x0000ffa0         rw !x
eeprom           0x00810000         0x00010000         rw !x
fuse             0x00820000         0x00000400         rw !x
lock             0x00830000         0x00000400         rw !x
signature        0x00840000         0x00000400         rw !x
*default*        0x00000000         0xffffffff

Linker script and memory map

LOAD c:/program files (x86)/atmel/avr studio 5.1/extensions/atmel/avrgcc/3.3.1.27/avrtoolchain/bin/../lib/gcc/avr/4.5.1/../../../../avr/lib/avrxmega6/crtx256a3bu.o
LOAD src/adc_example1_gfx.o
LOAD src/asf/common/components/display/st7565r/st7565r.o
LOAD src/asf/common/services/clock/xmega/sysclk.o
LOAD src/asf/common/services/gfx_mono/gfx_mono_c12832_a1z.o
LOAD src/asf/common/services/gfx_mono/gfx_mono_framebuffer.o
LOAD src/asf/common/services/gfx_mono/gfx_mono_generic.o
LOAD src/asf/common/services/gfx_mono/gfx_mono_menu.o
LOAD src/asf/common/services/gfx_mono/gfx_mono_text.o
LOAD src/asf/common/services/gfx_mono/sysfont.o
LOAD src/asf/common/services/sleepmgr/xmega/sleepmgr.o
LOAD src/asf/common/services/spi/xmega_usart_spi/usart_spi.o
LOAD src/asf/xmega/boards/xmega_a3bu_xplained/init.o
LOAD src/asf/xmega/drivers/adc/adc.o
LOAD src/asf/xmega/drivers/cpu/ccp.o
LOAD src/asf/xmega/drivers/ioport/ioport.o
LOAD src/asf/xmega/drivers/nvm/nvm.o
LOAD src/asf/xmega/drivers/nvm/nvm_asm.o
LOAD src/asf/xmega/drivers/tc/tc.o
LOAD src/asf/xmega/drivers/usart/usart.o
LOAD c:/program files (x86)/atmel/avr studio 5.1/extensions/atmel/avrgcc/3.3.1.27/avrtoolchain/bin/../lib/gcc/avr/4.5.1/../../../../avr/lib/avrxmega6\libm.a
Address of section .BOOT set to 0x40000
LOAD c:/program files (x86)/atmel/avr studio 5.1/extensions/atmel/avrgcc/3.3.1.27/avrtoolchain/bin/../lib/gcc/avr/4.5.1/avrxmega6\libgcc.a
LOAD c:/program files (x86)/atmel/avr studio 5.1/extensions/atmel/avrgcc/3.3.1.27/avrtoolchain/bin/../lib/gcc/avr/4.5.1/../../../../avr/lib/avrxmega6\libc.a
LOAD c:/program files (x86)/atmel/avr studio 5.1/extensions/atmel/avrgcc/3.3.1.27/avrtoolchain/bin/../lib/gcc/avr/4.5.1/avrxmega6\libgcc.a

.hash
 *(.hash)

.dynsym
 *(.dynsym)

.dynstr
 *(.dynstr)

.gnu.version
 *(.gnu.version)

.gnu.version_d
 *(.gnu.version_d)

.gnu.version_r
 *(.gnu.version_r)

.rel.init
 *(.rel.init)

.rela.init
 *(.rela.init)

.rel.text
 *(.rel.text)
 *(.rel.text.*)
 *(.rel.gnu.linkonce.t*)

.rela.text
 *(.rela.text)
 *(.rela.text.*)
 *(.rela.gnu.linkonce.t*)

.rel.fini
 *(.rel.fini)

.rela.fini
 *(.rela.fini)

.rel.rodata
 *(.rel.rodata)
 *(.rel.rodata.*)
 *(.rel.gnu.linkonce.r*)

.rela.rodata
 *(.rela.rodata)
 *(.rela.rodata.*)
 *(.rela.gnu.linkonce.r*)

.rel.data
 *(.rel.data)
 *(.rel.data.*)
 *(.rel.gnu.linkonce.d*)

.rela.data
 *(.rela.data)
 *(.rela.data.*)
 *(.rela.gnu.linkonce.d*)

.rel.ctors
 *(.rel.ctors)

.rela.ctors
 *(.rela.ctors)

.rel.dtors
 *(.rel.dtors)

.rela.dtors
 *(.rela.dtors)

.rel.got
 *(.rel.got)

.rela.got
 *(.rela.got)

.rel.bss
 *(.rel.bss)

.rela.bss
 *(.rela.bss)

.rel.plt
 *(.rel.plt)

.rela.plt
 *(.rela.plt)

.text           0x00000000     0x25d6
 *(.vectors)
 .vectors       0x00000000      0x1fc c:/program files (x86)/atmel/avr studio 5.1/extensions/atmel/avrgcc/3.3.1.27/avrtoolchain/bin/../lib/gcc/avr/4.5.1/../../../../avr/lib/avrxmega6/crtx256a3bu.o
                0x00000000                __vector_default
                0x00000000                __vectors
 *(.vectors)
 *(.progmem.gcc*)
 *(.progmem*)
                0x000001fc                . = ALIGN (0x2)
                0x000001fc                __trampolines_start = .
 *(.trampolines)
 .trampolines   0x000001fc        0x0 linker stubs
 *(.trampolines*)
                0x000001fc                __trampolines_end = .
 *(.jumptables)
 *(.jumptables*)
 *(.lowtext)
 *(.lowtext*)
                0x000001fc                __ctors_start = .
 *(.ctors)
                0x000001fc                __ctors_end = .
                0x000001fc                __dtors_start = .
 *(.dtors)
                0x000001fc                __dtors_end = .
 SORT(*)(.ctors)
 SORT(*)(.dtors)
 *(.init0)
 .init0         0x000001fc        0x0 c:/program files (x86)/atmel/avr studio 5.1/extensions/atmel/avrgcc/3.3.1.27/avrtoolchain/bin/../lib/gcc/avr/4.5.1/../../../../avr/lib/avrxmega6/crtx256a3bu.o
                0x000001fc                __init
 *(.init0)
 *(.init1)
 *(.init1)
 *(.init2)
 .init2         0x000001fc       0x10 c:/program files (x86)/atmel/avr studio 5.1/extensions/atmel/avrgcc/3.3.1.27/avrtoolchain/bin/../lib/gcc/avr/4.5.1/../../../../avr/lib/avrxmega6/crtx256a3bu.o
 *(.init2)
 *(.init3)
 *(.init3)
 *(.init4)
 .init4         0x0000020c       0x1a c:/program files (x86)/atmel/avr studio 5.1/extensions/atmel/avrgcc/3.3.1.27/avrtoolchain/bin/../lib/gcc/avr/4.5.1/avrxmega6\libgcc.a(_copy_data.o)
                0x0000020c                __do_copy_data
 .init4         0x00000226       0x10 c:/program files (x86)/atmel/avr studio 5.1/extensions/atmel/avrgcc/3.3.1.27/avrtoolchain/bin/../lib/gcc/avr/4.5.1/avrxmega6\libgcc.a(_clear_bss.o)
                0x00000226                __do_clear_bss
 *(.init4)
 *(.init5)
 *(.init5)
 *(.init6)
 *(.init6)
 *(.init7)
 *(.init7)
 *(.init8)
 *(.init8)
 *(.init9)
 .init9         0x00000236        0x6 c:/program files (x86)/atmel/avr studio 5.1/extensions/atmel/avrgcc/3.3.1.27/avrtoolchain/bin/../lib/gcc/avr/4.5.1/../../../../avr/lib/avrxmega6/crtx256a3bu.o
 *(.init9)
 *(.text)
 .text          0x0000023c        0x2 c:/program files (x86)/atmel/avr studio 5.1/extensions/atmel/avrgcc/3.3.1.27/avrtoolchain/bin/../lib/gcc/avr/4.5.1/../../../../avr/lib/avrxmega6/crtx256a3bu.o
                0x0000023c                __vector_38
                0x0000023c                __vector_104
                0x0000023c                __vector_63
                0x0000023c                __vector_28
                0x0000023c                __vector_67
                0x0000023c                __vector_1
                0x0000023c                __vector_119
                0x0000023c                __vector_32
                0x0000023c                __vector_75
                0x0000023c                __vector_91
                0x0000023c                __vector_34
                0x0000023c                __vector_62
                0x0000023c                __vector_102
                0x0000023c                __vector_24
                0x0000023c                __vector_12
                0x0000023c                __vector_69
                0x0000023c                __vector_90
                0x0000023c                __vector_46
                0x0000023c                __bad_interrupt
                0x0000023c                __vector_122
                0x0000023c                __vector_114
                0x0000023c                __vector_6
                0x0000023c                __vector_31
                0x0000023c                __vector_92
                0x0000023c                __vector_35
                0x0000023c                __vector_117
                0x0000023c                __vector_107
                0x0000023c                __vector_3
                0x0000023c                __vector_105
                0x0000023c                __vector_98
                0x0000023c                __vector_68
                0x0000023c                __vector_30
                0x0000023c                __vector_45
                0x0000023c                __vector_25
                0x0000023c                __vector_93
                0x0000023c                __vector_61
                0x0000023c                __vector_11
                0x0000023c                __vector_99
                0x0000023c                __vector_13
                0x0000023c                __vector_7
                0x0000023c                __vector_125
                0x0000023c                __vector_123
                0x0000023c                __vector_100
                0x0000023c                __vector_101
                0x0000023c                __vector_64
                0x0000023c                __vector_88
                0x0000023c                __vector_43
                0x0000023c                __vector_27
                0x0000023c                __vector_5
                0x0000023c                __vector_33
                0x0000023c                __vector_76
                0x0000023c                __vector_115
                0x0000023c                __vector_37
                0x0000023c                __vector_95
                0x0000023c                __vector_103
                0x0000023c                __vector_96
                0x0000023c                __vector_89
                0x0000023c                __vector_4
                0x0000023c                __vector_44
                0x0000023c                __vector_106
                0x0000023c                __vector_118
                0x0000023c                __vector_9
                0x0000023c                __vector_2
                0x0000023c                __vector_66
                0x0000023c                __vector_36
                0x0000023c                __vector_58
                0x0000023c                __vector_70
                0x0000023c                __vector_29
                0x0000023c                __vector_60
                0x0000023c                __vector_121
                0x0000023c                __vector_94
                0x0000023c                __vector_126
                0x0000023c                __vector_8
                0x0000023c                __vector_26
                0x0000023c                __vector_124
                0x0000023c                __vector_116
                0x0000023c                __vector_57
                0x0000023c                __vector_10
                0x0000023c                __vector_59
                0x0000023c                __vector_97
                0x0000023c                __vector_87
                0x0000023c                __vector_65
                0x0000023c                __vector_120
                0x0000023e                . = ALIGN (0x2)
 *(.text.*)
 .text.adc_temp_handler
                0x0000023e       0xd6 src/adc_example1_gfx.o
 .text.adc_light_handler
                0x00000314       0x54 src/adc_example1_gfx.o
 .text.timer_callback
                0x00000368      0x118 src/adc_example1_gfx.o
 .text.adc_temp_initialization
                0x00000480       0x88 src/adc_example1_gfx.o
                0x00000480                adc_temp_initialization
 .text.adc_light_initialization
                0x00000508       0x86 src/adc_example1_gfx.o
                0x00000508                adc_light_initialization
 .text.sys_initialization
                0x0000058e       0x2e src/adc_example1_gfx.o
                0x0000058e                sys_initialization
 .text.main     0x000005bc       0x4a src/adc_example1_gfx.o
                0x000005bc                main
 .text.st7565r_init
                0x00000606      0x2dc src/asf/common/components/display/st7565r/st7565r.o
                0x00000606                st7565r_init
 .text.sysclk_init
                0x000008e2       0x56 src/asf/common/services/clock/xmega/sysclk.o
                0x000008e2                sysclk_init
 .text.sysclk_enable_module
                0x00000938       0x18 src/asf/common/services/clock/xmega/sysclk.o
                0x00000938                sysclk_enable_module
 .text.sysclk_disable_module
                0x00000950       0x16 src/asf/common/services/clock/xmega/sysclk.o
                0x00000950                sysclk_disable_module
 .text.gfx_mono_st7565r_put_byte
                0x00000966      0x106 src/asf/common/services/gfx_mono/gfx_mono_c12832_a1z.o
                0x00000966                gfx_mono_st7565r_put_byte
 .text.gfx_mono_st7565r_init
                0x00000a6c       0x6a src/asf/common/services/gfx_mono/gfx_mono_c12832_a1z.o
                0x00000a6c                gfx_mono_st7565r_init
 .text.gfx_mono_set_framebuffer
                0x00000ad6        0xa src/asf/common/services/gfx_mono/gfx_mono_framebuffer.o
                0x00000ad6                gfx_mono_set_framebuffer
 .text.gfx_mono_framebuffer_put_byte
                0x00000ae0       0x22 src/asf/common/services/gfx_mono/gfx_mono_framebuffer.o
                0x00000ae0                gfx_mono_framebuffer_put_byte
 .text.usart_spi_init
                0x00000b02       0x56 src/asf/common/services/spi/xmega_usart_spi/usart_spi.o
                0x00000b02                usart_spi_init
 .text.usart_spi_setup_device
                0x00000b58       0x36 src/asf/common/services/spi/xmega_usart_spi/usart_spi.o
                0x00000b58                usart_spi_setup_device
 .text.board_init
                0x00000b8e       0x84 src/asf/xmega/boards/xmega_a3bu_xplained/init.o
                0x00000b8e                board_init
 .text.adc_enable_clock
                0x00000c12       0x3e src/asf/xmega/drivers/adc/adc.o
 .text.adc_disable_clock
                0x00000c50       0x3a src/asf/xmega/drivers/adc/adc.o
 .text.__vector_71
                0x00000c8a       0x64 src/asf/xmega/drivers/adc/adc.o
                0x00000c8a                __vector_71
 .text.__vector_72
                0x00000cee       0x64 src/asf/xmega/drivers/adc/adc.o
                0x00000cee                __vector_72
 .text.__vector_73
                0x00000d52       0x64 src/asf/xmega/drivers/adc/adc.o
                0x00000d52                __vector_73
 .text.__vector_74
                0x00000db6       0x64 src/asf/xmega/drivers/adc/adc.o
                0x00000db6                __vector_74
 .text.__vector_39
                0x00000e1a       0x64 src/asf/xmega/drivers/adc/adc.o
                0x00000e1a                __vector_39
 .text.__vector_40
                0x00000e7e       0x64 src/asf/xmega/drivers/adc/adc.o
                0x00000e7e                __vector_40
 .text.__vector_41
                0x00000ee2       0x64 src/asf/xmega/drivers/adc/adc.o
                0x00000ee2                __vector_41
 .text.__vector_42
                0x00000f46       0x64 src/asf/xmega/drivers/adc/adc.o
                0x00000f46                __vector_42
 .text.adc_enable
                0x00000faa       0x2e src/asf/xmega/drivers/adc/adc.o
                0x00000faa                adc_enable
 .text.adc_write_configuration
                0x00000fd8       0xac src/asf/xmega/drivers/adc/adc.o
                0x00000fd8                adc_write_configuration
 .text.adc_read_configuration
                0x00001084       0x46 src/asf/xmega/drivers/adc/adc.o
                0x00001084                adc_read_configuration
 .text.adcch_write_configuration
                0x000010ca       0x80 src/asf/xmega/drivers/adc/adc.o
                0x000010ca                adcch_write_configuration
 .text.adcch_read_configuration
                0x0000114a       0x82 src/asf/xmega/drivers/adc/adc.o
                0x0000114a                adcch_read_configuration
 .text.adc_set_callback
                0x000011cc       0x2a src/asf/xmega/drivers/adc/adc.o
                0x000011cc                adc_set_callback
 .text.ccp_write_io
                0x000011f6        0xc src/asf/xmega/drivers/cpu/ccp.o
                0x000011f6                ccp_write_io
 .text.ioport_configure_port_pin
                0x00001202       0x4c src/asf/xmega/drivers/ioport/ioport.o
                0x00001202                ioport_configure_port_pin
 .text.nvm_read_byte
                0x0000124e       0x14 src/asf/xmega/drivers/nvm/nvm_asm.o
                0x0000124e                nvm_read_byte
 .text.__vector_14
                0x00001262       0x5a src/asf/xmega/drivers/tc/tc.o
                0x00001262                __vector_14
 .text.__vector_15
                0x000012bc       0x5a src/asf/xmega/drivers/tc/tc.o
                0x000012bc                __vector_15
 .text.__vector_16
                0x00001316       0x5a src/asf/xmega/drivers/tc/tc.o
                0x00001316                __vector_16
 .text.__vector_17
                0x00001370       0x5a src/asf/xmega/drivers/tc/tc.o
                0x00001370                __vector_17
 .text.__vector_18
                0x000013ca       0x5a src/asf/xmega/drivers/tc/tc.o
                0x000013ca                __vector_18
 .text.__vector_19
                0x00001424       0x5a src/asf/xmega/drivers/tc/tc.o
                0x00001424                __vector_19
 .text.__vector_20
                0x0000147e       0x5a src/asf/xmega/drivers/tc/tc.o
                0x0000147e                __vector_20
 .text.__vector_21
                0x000014d8       0x5a src/asf/xmega/drivers/tc/tc.o
                0x000014d8                __vector_21
 .text.__vector_22
                0x00001532       0x5a src/asf/xmega/drivers/tc/tc.o
                0x00001532                __vector_22
 .text.__vector_23
                0x0000158c       0x5a src/asf/xmega/drivers/tc/tc.o
                0x0000158c                __vector_23
 .text.__vector_77
                0x000015e6       0x5a src/asf/xmega/drivers/tc/tc.o
                0x000015e6                __vector_77
 .text.__vector_78
                0x00001640       0x5a src/asf/xmega/drivers/tc/tc.o
                0x00001640                __vector_78
 .text.__vector_79
                0x0000169a       0x5a src/asf/xmega/drivers/tc/tc.o
                0x0000169a                __vector_79
 .text.__vector_80
                0x000016f4       0x5a src/asf/xmega/drivers/tc/tc.o
                0x000016f4                __vector_80
 .text.__vector_81
                0x0000174e       0x5a src/asf/xmega/drivers/tc/tc.o
                0x0000174e                __vector_81
 .text.__vector_82
                0x000017a8       0x5a src/asf/xmega/drivers/tc/tc.o
                0x000017a8                __vector_82
 .text.__vector_83
                0x00001802       0x5a src/asf/xmega/drivers/tc/tc.o
                0x00001802                __vector_83
 .text.__vector_84
                0x0000185c       0x5a src/asf/xmega/drivers/tc/tc.o
                0x0000185c                __vector_84
 .text.__vector_85
                0x000018b6       0x5a src/asf/xmega/drivers/tc/tc.o
                0x000018b6                __vector_85
 .text.__vector_86
                0x00001910       0x5a src/asf/xmega/drivers/tc/tc.o
                0x00001910                __vector_86
 .text.__vector_47
                0x0000196a       0x5a src/asf/xmega/drivers/tc/tc.o
                0x0000196a                __vector_47
 .text.__vector_48
                0x000019c4       0x5a src/asf/xmega/drivers/tc/tc.o
                0x000019c4                __vector_48
 .text.__vector_49
                0x00001a1e       0x5a src/asf/xmega/drivers/tc/tc.o
                0x00001a1e                __vector_49
 .text.__vector_50
                0x00001a78       0x5a src/asf/xmega/drivers/tc/tc.o
                0x00001a78                __vector_50
 .text.__vector_51
                0x00001ad2       0x5a src/asf/xmega/drivers/tc/tc.o
                0x00001ad2                __vector_51
 .text.__vector_52
                0x00001b2c       0x5a src/asf/xmega/drivers/tc/tc.o
                0x00001b2c                __vector_52
 .text.__vector_53
                0x00001b86       0x5a src/asf/xmega/drivers/tc/tc.o
                0x00001b86                __vector_53
 .text.__vector_54
                0x00001be0       0x5a src/asf/xmega/drivers/tc/tc.o
                0x00001be0                __vector_54
 .text.__vector_55
                0x00001c3a       0x5a src/asf/xmega/drivers/tc/tc.o
                0x00001c3a                __vector_55
 .text.__vector_56
                0x00001c94       0x5a src/asf/xmega/drivers/tc/tc.o
                0x00001c94                __vector_56
 .text.__vector_108
                0x00001cee       0x5a src/asf/xmega/drivers/tc/tc.o
                0x00001cee                __vector_108
 .text.__vector_109
                0x00001d48       0x5a src/asf/xmega/drivers/tc/tc.o
                0x00001d48                __vector_109
 .text.__vector_110
                0x00001da2       0x5a src/asf/xmega/drivers/tc/tc.o
                0x00001da2                __vector_110
 .text.__vector_111
                0x00001dfc       0x5a src/asf/xmega/drivers/tc/tc.o
                0x00001dfc                __vector_111
 .text.__vector_112
                0x00001e56       0x5a src/asf/xmega/drivers/tc/tc.o
                0x00001e56                __vector_112
 .text.__vector_113
                0x00001eb0       0x5a src/asf/xmega/drivers/tc/tc.o
                0x00001eb0                __vector_113
 .text.tc_enable
                0x00001f0a       0xd6 src/asf/xmega/drivers/tc/tc.o
                0x00001f0a                tc_enable
 .text.tc_set_overflow_interrupt_callback
                0x00001fe0       0x7e src/asf/xmega/drivers/tc/tc.o
                0x00001fe0                tc_set_overflow_interrupt_callback
 .text.usart_spi_set_baudrate
                0x0000205e       0x4e src/asf/xmega/drivers/usart/usart.o
                0x0000205e                usart_spi_set_baudrate
 .text.usart_init_spi
                0x000020ac      0x150 src/asf/xmega/drivers/usart/usart.o
                0x000020ac                usart_init_spi
 .text.avr-libc.fplib
                0x000021fc        0xa c:/program files (x86)/atmel/avr studio 5.1/extensions/atmel/avrgcc/3.3.1.27/avrtoolchain/bin/../lib/gcc/avr/4.5.1/../../../../avr/lib/avrxmega6\libm.a(addsf3.o)
                0x000021fc                __subsf3
                0x000021fe                __addsf3
 .text.avr-libc.fplib
                0x00002206       0xc0 c:/program files (x86)/atmel/avr studio 5.1/extensions/atmel/avrgcc/3.3.1.27/avrtoolchain/bin/../lib/gcc/avr/4.5.1/../../../../avr/lib/avrxmega6\libm.a(addsf3x.o)
                0x00002220                __addsf3x
 .text.avr-libc.fplib
                0x000022c6        0xa c:/program files (x86)/atmel/avr studio 5.1/extensions/atmel/avrgcc/3.3.1.27/avrtoolchain/bin/../lib/gcc/avr/4.5.1/../../../../avr/lib/avrxmega6\libm.a(fixsfsi.o)
                0x000022c6                __fixsfsi
 .text.avr-libc.fplib
                0x000022d0       0x58 c:/program files (x86)/atmel/avr studio 5.1/extensions/atmel/avrgcc/3.3.1.27/avrtoolchain/bin/../lib/gcc/avr/4.5.1/../../../../avr/lib/avrxmega6\libm.a(fixunssfsi.o)
                0x000022d0                __fixunssfsi
 .text.avr-libc.fplib
                0x00002328       0x7a c:/program files (x86)/atmel/avr studio 5.1/extensions/atmel/avrgcc/3.3.1.27/avrtoolchain/bin/../lib/gcc/avr/4.5.1/../../../../avr/lib/avrxmega6\libm.a(floatsisf.o)
                0x00002328                __floatunsisf
                0x0000232c                __floatsisf
 .text.avr-libc.fplib
                0x000023a2        0xc c:/program files (x86)/atmel/avr studio 5.1/extensions/atmel/avrgcc/3.3.1.27/avrtoolchain/bin/../lib/gcc/avr/4.5.1/../../../../avr/lib/avrxmega6\libm.a(fp_inf.o)
                0x000023a2                __fp_inf
 .text.avr-libc.fplib
                0x000023ae        0x6 c:/program files (x86)/atmel/avr studio 5.1/extensions/atmel/avrgcc/3.3.1.27/avrtoolchain/bin/../lib/gcc/avr/4.5.1/../../../../avr/lib/avrxmega6\libm.a(fp_nan.o)
                0x000023ae                __fp_nan
 .text.avr-libc.fplib
                0x000023b4        0xe c:/program files (x86)/atmel/avr studio 5.1/extensions/atmel/avrgcc/3.3.1.27/avrtoolchain/bin/../lib/gcc/avr/4.5.1/../../../../avr/lib/avrxmega6\libm.a(fp_pscA.o)
                0x000023b4                __fp_pscA
 .text.avr-libc.fplib
                0x000023c2        0xe c:/program files (x86)/atmel/avr studio 5.1/extensions/atmel/avrgcc/3.3.1.27/avrtoolchain/bin/../lib/gcc/avr/4.5.1/../../../../avr/lib/avrxmega6\libm.a(fp_pscB.o)
                0x000023c2                __fp_pscB
 .text.avr-libc.fplib
                0x000023d0       0x22 c:/program files (x86)/atmel/avr studio 5.1/extensions/atmel/avrgcc/3.3.1.27/avrtoolchain/bin/../lib/gcc/avr/4.5.1/../../../../avr/lib/avrxmega6\libm.a(fp_round.o)
                0x000023d0                __fp_round
 .text.avr-libc.fplib
                0x000023f2       0x44 c:/program files (x86)/atmel/avr studio 5.1/extensions/atmel/avrgcc/3.3.1.27/avrtoolchain/bin/../lib/gcc/avr/4.5.1/../../../../avr/lib/avrxmega6\libm.a(fp_split3.o)
                0x000023f2                __fp_split3
                0x00002402                __fp_splitA
 .text.avr-libc.fplib
                0x00002436        0xe c:/program files (x86)/atmel/avr studio 5.1/extensions/atmel/avrgcc/3.3.1.27/avrtoolchain/bin/../lib/gcc/avr/4.5.1/../../../../avr/lib/avrxmega6\libm.a(fp_zero.o)
                0x00002436                __fp_zero
                0x00002438                __fp_szero
 .text.avr-libc.fplib
                0x00002444        0x4 c:/program files (x86)/atmel/avr studio 5.1/extensions/atmel/avrgcc/3.3.1.27/avrtoolchain/bin/../lib/gcc/avr/4.5.1/../../../../avr/lib/avrxmega6\libm.a(mulsf3.o)
                0x00002444                __mulsf3
 .text.avr-libc.fplib
                0x00002448       0xc2 c:/program files (x86)/atmel/avr studio 5.1/extensions/atmel/avrgcc/3.3.1.27/avrtoolchain/bin/../lib/gcc/avr/4.5.1/../../../../avr/lib/avrxmega6\libm.a(mulsf3x.o)
                0x0000245c                __mulsf3x
                0x00002460                __mulsf3_pse
 .text.libgcc   0x0000250a       0x26 c:/program files (x86)/atmel/avr studio 5.1/extensions/atmel/avrgcc/3.3.1.27/avrtoolchain/bin/../lib/gcc/avr/4.5.1/avrxmega6\libgcc.a(_divmodhi4.o)
                0x0000250a                _div
                0x0000250a                __divmodhi4
 .text.libgcc   0x00002530       0x44 c:/program files (x86)/atmel/avr studio 5.1/extensions/atmel/avrgcc/3.3.1.27/avrtoolchain/bin/../lib/gcc/avr/4.5.1/avrxmega6\libgcc.a(_udivmodsi4.o)
                0x00002530                __udivmodsi4
 .text.libgcc   0x00002574       0x36 c:/program files (x86)/atmel/avr studio 5.1/extensions/atmel/avrgcc/3.3.1.27/avrtoolchain/bin/../lib/gcc/avr/4.5.1/avrxmega6\libgcc.a(_divmodsi4.o)
                0x00002574                __divmodsi4
 .text.libgcc   0x000025aa       0x28 c:/program files (x86)/atmel/avr studio 5.1/extensions/atmel/avrgcc/3.3.1.27/avrtoolchain/bin/../lib/gcc/avr/4.5.1/avrxmega6\libgcc.a(_udivmodhi4.o)
                0x000025aa                __udivmodhi4
                0x000025d2                . = ALIGN (0x2)
 *(.fini9)
 .fini9         0x000025d2        0x0 c:/program files (x86)/atmel/avr studio 5.1/extensions/atmel/avrgcc/3.3.1.27/avrtoolchain/bin/../lib/gcc/avr/4.5.1/avrxmega6\libgcc.a(_exit.o)
                0x000025d2                _exit
                0x000025d2                exit
 *(.fini9)
 *(.fini8)
 *(.fini8)
 *(.fini7)
 *(.fini7)
 *(.fini6)
 *(.fini6)
 *(.fini5)
 *(.fini5)
 *(.fini4)
 *(.fini4)
 *(.fini3)
 *(.fini3)
 *(.fini2)
 *(.fini2)
 *(.fini1)
 *(.fini1)
 *(.fini0)
 .fini0         0x000025d2        0x4 c:/program files (x86)/atmel/avr studio 5.1/extensions/atmel/avrgcc/3.3.1.27/avrtoolchain/bin/../lib/gcc/avr/4.5.1/avrxmega6\libgcc.a(_exit.o)
 *(.fini0)
                0x000025d6                _etext = .

.data           0x00802000        0x0 load address 0x000025d6
                0x00802000                PROVIDE (__data_start, .)
 *(.data)
 *(.data*)
 *(.rodata)
 *(.rodata*)
 *(.gnu.linkonce.d*)
                0x00802000                . = ALIGN (0x2)
                0x00802000                _edata = .
                0x00802000                PROVIDE (__data_end, .)

.bss            0x00802000      0x2d3
                0x00802000                PROVIDE (__bss_start, .)
 *(.bss)
 *(.bss*)
 .bss.temp_counter
                0x00802000        0x1 src/adc_example1_gfx.o
                0x00802000                temp_counter
 .bss.av_temp   0x00802001        0x4 src/adc_example1_gfx.o
                0x00802001                av_temp
 .bss.light_counter
                0x00802005        0x1 src/adc_example1_gfx.o
                0x00802005                light_counter
 .bss.av_light  0x00802006        0x4 src/adc_example1_gfx.o
                0x00802006                av_light
 .bss.Counter10s
                0x0080200a        0x1 src/adc_example1_gfx.o
                0x0080200a                Counter10s
 .bss.framebuffer
                0x0080200b      0x200 src/asf/common/services/gfx_mono/gfx_mono_c12832_a1z.o
 .bss.fbpointer
                0x0080220b        0x2 src/asf/common/services/gfx_mono/gfx_mono_framebuffer.o
 .bss.adca_callback
                0x0080220d        0x2 src/asf/xmega/drivers/adc/adc.o
 .bss.adcb_callback
                0x0080220f        0x2 src/asf/xmega/drivers/adc/adc.o
 .bss.adca_enable_count
                0x00802211        0x1 src/asf/xmega/drivers/adc/adc.o
 .bss.adcb_enable_count
                0x00802212        0x1 src/asf/xmega/drivers/adc/adc.o
 .bss.tc_tcc0_ccd_callback
                0x00802213        0x2 src/asf/xmega/drivers/tc/tc.o
 .bss.tc_tcd0_ccd_callback
                0x00802215        0x2 src/asf/xmega/drivers/tc/tc.o
 .bss.tc_tce0_ccd_callback
                0x00802217        0x2 src/asf/xmega/drivers/tc/tc.o
 .bss.tc_tcf0_ccd_callback
                0x00802219        0x2 src/asf/xmega/drivers/tc/tc.o
 .bss.tc_tcc0_ccc_callback
                0x0080221b        0x2 src/asf/xmega/drivers/tc/tc.o
 .bss.tc_tcd0_ccc_callback
                0x0080221d        0x2 src/asf/xmega/drivers/tc/tc.o
 .bss.tc_tce0_ccc_callback
                0x0080221f        0x2 src/asf/xmega/drivers/tc/tc.o
 .bss.tc_tcf0_ccc_callback
                0x00802221        0x2 src/asf/xmega/drivers/tc/tc.o
 .bss.tc_tcc0_ccb_callback
                0x00802223        0x2 src/asf/xmega/drivers/tc/tc.o
 .bss.tc_tcc1_ccb_callback
                0x00802225        0x2 src/asf/xmega/drivers/tc/tc.o
 .bss.tc_tcd0_ccb_callback
                0x00802227        0x2 src/asf/xmega/drivers/tc/tc.o
 .bss.tc_tcd1_ccb_callback
                0x00802229        0x2 src/asf/xmega/drivers/tc/tc.o
 .bss.tc_tce0_ccb_callback
                0x0080222b        0x2 src/asf/xmega/drivers/tc/tc.o
 .bss.tc_tce1_ccb_callback
                0x0080222d        0x2 src/asf/xmega/drivers/tc/tc.o
 .bss.tc_tcf0_ccb_callback
                0x0080222f        0x2 src/asf/xmega/drivers/tc/tc.o
 .bss.tc_tcc0_cca_callback
                0x00802231        0x2 src/asf/xmega/drivers/tc/tc.o
 .bss.tc_tcc1_cca_callback
                0x00802233        0x2 src/asf/xmega/drivers/tc/tc.o
 .bss.tc_tcd0_cca_callback
                0x00802235        0x2 src/asf/xmega/drivers/tc/tc.o
 .bss.tc_tcd1_cca_callback
                0x00802237        0x2 src/asf/xmega/drivers/tc/tc.o
 .bss.tc_tce0_cca_callback
                0x00802239        0x2 src/asf/xmega/drivers/tc/tc.o
 .bss.tc_tce1_cca_callback
                0x0080223b        0x2 src/asf/xmega/drivers/tc/tc.o
 .bss.tc_tcf0_cca_callback
                0x0080223d        0x2 src/asf/xmega/drivers/tc/tc.o
 .bss.tc_tcc0_err_callback
                0x0080223f        0x2 src/asf/xmega/drivers/tc/tc.o
 .bss.tc_tcc1_err_callback
                0x00802241        0x2 src/asf/xmega/drivers/tc/tc.o
 .bss.tc_tcd0_err_callback
                0x00802243        0x2 src/asf/xmega/drivers/tc/tc.o
 .bss.tc_tcd1_err_callback
                0x00802245        0x2 src/asf/xmega/drivers/tc/tc.o
 .bss.tc_tce0_err_callback
                0x00802247        0x2 src/asf/xmega/drivers/tc/tc.o
 .bss.tc_tce1_err_callback
                0x00802249        0x2 src/asf/xmega/drivers/tc/tc.o
 .bss.tc_tcf0_err_callback
                0x0080224b        0x2 src/asf/xmega/drivers/tc/tc.o
 .bss.tc_tcc0_ovf_callback
                0x0080224d        0x2 src/asf/xmega/drivers/tc/tc.o
 .bss.tc_tcc1_ovf_callback
                0x0080224f        0x2 src/asf/xmega/drivers/tc/tc.o
 .bss.tc_tcd0_ovf_callback
                0x00802251        0x2 src/asf/xmega/drivers/tc/tc.o
 .bss.tc_tcd1_ovf_callback
                0x00802253        0x2 src/asf/xmega/drivers/tc/tc.o
 .bss.tc_tce0_ovf_callback
                0x00802255        0x2 src/asf/xmega/drivers/tc/tc.o
 .bss.tc_tce1_ovf_callback
                0x00802257        0x2 src/asf/xmega/drivers/tc/tc.o
 .bss.tc_tcf0_ovf_callback
                0x00802259        0x2 src/asf/xmega/drivers/tc/tc.o
 *(COMMON)
 COMMON         0x0080225b       0x72 src/adc_example1_gfx.o
                0x0080225b                adc_conft
                0x00802262                temp
                0x0080226e                light
                0x0080227a                current_temperature
                0x0080227c                adcch_conft
                0x00802280                current_light
                0x00802282                Taverage
                0x008022a2                adc_confl
                0x008022a9                Laverage
                0x008022c9                adcch_confl
 COMMON         0x008022cd        0x6 src/asf/common/services/sleepmgr/xmega/sleepmgr.o
                0x008022cd                sleepmgr_locks
                0x008022d3                PROVIDE (__bss_end, .)
                0x000025d6                __data_load_start = LOADADDR (.data)
                0x000025d6                __data_load_end = (__data_load_start + SIZEOF (.data))

.noinit         0x008022d3        0x0
                0x008022d3                PROVIDE (__noinit_start, .)
 *(.noinit*)
                0x008022d3                PROVIDE (__noinit_end, .)
                0x008022d3                _end = .
                0x008022d3                PROVIDE (__heap_start, .)

.eeprom         0x00810000        0x0
 *(.eeprom*)
                0x00810000                __eeprom_end = .

.fuse
 *(.fuse)
 *(.lfuse)
 *(.hfuse)
 *(.efuse)

.lock
 *(.lock*)

.signature
 *(.signature*)

.stab           0x00000000     0x1cb0
 *(.stab)
 .stab          0x00000000      0x6e4 c:/program files (x86)/atmel/avr studio 5.1/extensions/atmel/avrgcc/3.3.1.27/avrtoolchain/bin/../lib/gcc/avr/4.5.1/../../../../avr/lib/avrxmega6/crtx256a3bu.o
 .stab          0x000006e4       0x78 c:/program files (x86)/atmel/avr studio 5.1/extensions/atmel/avrgcc/3.3.1.27/avrtoolchain/bin/../lib/gcc/avr/4.5.1/../../../../avr/lib/avrxmega6\libm.a(addsf3.o)
                                 0x84 (size before relaxing)
 .stab          0x0000075c      0x4bc c:/program files (x86)/atmel/avr studio 5.1/extensions/atmel/avrgcc/3.3.1.27/avrtoolchain/bin/../lib/gcc/avr/4.5.1/../../../../avr/lib/avrxmega6\libm.a(addsf3x.o)
                                0x4c8 (size before relaxing)
 .stab          0x00000c18       0x6c c:/program files (x86)/atmel/avr studio 5.1/extensions/atmel/avrgcc/3.3.1.27/avrtoolchain/bin/../lib/gcc/avr/4.5.1/../../../../avr/lib/avrxmega6\libm.a(fixsfsi.o)
                                 0x78 (size before relaxing)
 .stab          0x00000c84      0x240 c:/program files (x86)/atmel/avr studio 5.1/extensions/atmel/avrgcc/3.3.1.27/avrtoolchain/bin/../lib/gcc/avr/4.5.1/../../../../avr/lib/avrxmega6\libm.a(fixunssfsi.o)
                                0x24c (size before relaxing)
 .stab          0x00000ec4      0x318 c:/program files (x86)/atmel/avr studio 5.1/extensions/atmel/avrgcc/3.3.1.27/avrtoolchain/bin/../lib/gcc/avr/4.5.1/../../../../avr/lib/avrxmega6\libm.a(floatsisf.o)
                                0x324 (size before relaxing)
 .stab          0x000011dc       0x78 c:/program files (x86)/atmel/avr studio 5.1/extensions/atmel/avrgcc/3.3.1.27/avrtoolchain/bin/../lib/gcc/avr/4.5.1/../../../../avr/lib/avrxmega6\libm.a(fp_inf.o)
                                 0x84 (size before relaxing)
 .stab          0x00001254       0x54 c:/program files (x86)/atmel/avr studio 5.1/extensions/atmel/avrgcc/3.3.1.27/avrtoolchain/bin/../lib/gcc/avr/4.5.1/../../../../avr/lib/avrxmega6\libm.a(fp_nan.o)
                                 0x60 (size before relaxing)
 .stab          0x000012a8       0x84 c:/program files (x86)/atmel/avr studio 5.1/extensions/atmel/avrgcc/3.3.1.27/avrtoolchain/bin/../lib/gcc/avr/4.5.1/../../../../avr/lib/avrxmega6\libm.a(fp_pscA.o)
                                 0x90 (size before relaxing)
 .stab          0x0000132c       0x84 c:/program files (x86)/atmel/avr studio 5.1/extensions/atmel/avrgcc/3.3.1.27/avrtoolchain/bin/../lib/gcc/avr/4.5.1/../../../../avr/lib/avrxmega6\libm.a(fp_pscB.o)
                                 0x90 (size before relaxing)
 .stab          0x000013b0       0xfc c:/program files (x86)/atmel/avr studio 5.1/extensions/atmel/avrgcc/3.3.1.27/avrtoolchain/bin/../lib/gcc/avr/4.5.1/../../../../avr/lib/avrxmega6\libm.a(fp_round.o)
                                0x108 (size before relaxing)
 .stab          0x000014ac      0x1d4 c:/program files (x86)/atmel/avr studio 5.1/extensions/atmel/avrgcc/3.3.1.27/avrtoolchain/bin/../lib/gcc/avr/4.5.1/../../../../avr/lib/avrxmega6\libm.a(fp_split3.o)
                                0x1e0 (size before relaxing)
 .stab          0x00001680       0x90 c:/program files (x86)/atmel/avr studio 5.1/extensions/atmel/avrgcc/3.3.1.27/avrtoolchain/bin/../lib/gcc/avr/4.5.1/../../../../avr/lib/avrxmega6\libm.a(fp_zero.o)
                                 0x9c (size before relaxing)
 .stab          0x00001710       0x48 c:/program files (x86)/atmel/avr studio 5.1/extensions/atmel/avrgcc/3.3.1.27/avrtoolchain/bin/../lib/gcc/avr/4.5.1/../../../../avr/lib/avrxmega6\libm.a(mulsf3.o)
                                 0x54 (size before relaxing)
 .stab          0x00001758      0x4d4 c:/program files (x86)/atmel/avr studio 5.1/extensions/atmel/avrgcc/3.3.1.27/avrtoolchain/bin/../lib/gcc/avr/4.5.1/../../../../avr/lib/avrxmega6\libm.a(mulsf3x.o)
                                0x4e0 (size before relaxing)
 .stab          0x00001c2c       0x84 c:/program files (x86)/atmel/avr studio 5.1/extensions/atmel/avrgcc/3.3.1.27/avrtoolchain/bin/../lib/gcc/avr/4.5.1/../../../../avr/lib/avrxmega6\libc.a(memcpy.o)
                                 0x90 (size before relaxing)

.stabstr        0x00000000      0x6f7
 *(.stabstr)
 .stabstr       0x00000000      0x6f7 c:/program files (x86)/atmel/avr studio 5.1/extensions/atmel/avrgcc/3.3.1.27/avrtoolchain/bin/../lib/gcc/avr/4.5.1/../../../../avr/lib/avrxmega6/crtx256a3bu.o

.stab.excl
 *(.stab.excl)

.stab.exclstr
 *(.stab.exclstr)

.stab.index
 *(.stab.index)

.stab.indexstr
 *(.stab.indexstr)

.comment
 *(.comment)

.debug
 *(.debug)

.line
 *(.line)

.debug_srcinfo
 *(.debug_srcinfo)

.debug_sfnames
 *(.debug_sfnames)

.debug_aranges  0x00000000      0x638
 *(.debug_aranges)
 .debug_aranges
                0x00000000       0x50 src/adc_example1_gfx.o
 .debug_aranges
                0x00000050       0x20 src/asf/common/components/display/st7565r/st7565r.o
 .debug_aranges
                0x00000070       0x40 src/asf/common/services/clock/xmega/sysclk.o
 .debug_aranges
                0x000000b0       0x60 src/asf/common/services/gfx_mono/gfx_mono_c12832_a1z.o
 .debug_aranges
                0x00000110       0x58 src/asf/common/services/gfx_mono/gfx_mono_framebuffer.o
 .debug_aranges
                0x00000168       0x58 src/asf/common/services/gfx_mono/gfx_mono_generic.o
 .debug_aranges
                0x000001c0       0x30 src/asf/common/services/gfx_mono/gfx_mono_menu.o
 .debug_aranges
                0x000001f0       0x40 src/asf/common/services/gfx_mono/gfx_mono_text.o
 .debug_aranges
                0x00000230       0x48 src/asf/common/services/spi/xmega_usart_spi/usart_spi.o
 .debug_aranges
                0x00000278       0x20 src/asf/xmega/boards/xmega_a3bu_xplained/init.o
 .debug_aranges
                0x00000298       0xa8 src/asf/xmega/drivers/adc/adc.o
 .debug_aranges
                0x00000340       0x20 src/asf/xmega/drivers/cpu/ccp.o
 .debug_aranges
                0x00000360       0x20 src/asf/xmega/drivers/ioport/ioport.o
 .debug_aranges
                0x00000380       0xc0 src/asf/xmega/drivers/nvm/nvm.o
 .debug_aranges
                0x00000440       0x28 src/asf/xmega/drivers/nvm/nvm_asm.o
 .debug_aranges
                0x00000468      0x178 src/asf/xmega/drivers/tc/tc.o
 .debug_aranges
                0x000005e0       0x58 src/asf/xmega/drivers/usart/usart.o

.debug_pubnames
                0x00000000      0xfe5
 *(.debug_pubnames)
 .debug_pubnames
                0x00000000      0x149 src/adc_example1_gfx.o
 .debug_pubnames
                0x00000149       0x23 src/asf/common/components/display/st7565r/st7565r.o
 .debug_pubnames
                0x0000016c       0x82 src/asf/common/services/clock/xmega/sysclk.o
 .debug_pubnames
                0x000001ee      0x127 src/asf/common/services/gfx_mono/gfx_mono_c12832_a1z.o
 .debug_pubnames
                0x00000315      0x121 src/asf/common/services/gfx_mono/gfx_mono_framebuffer.o
 .debug_pubnames
                0x00000436      0x131 src/asf/common/services/gfx_mono/gfx_mono_generic.o
 .debug_pubnames
                0x00000567       0x76 src/asf/common/services/gfx_mono/gfx_mono_menu.o
 .debug_pubnames
                0x000005dd       0xb5 src/asf/common/services/gfx_mono/gfx_mono_text.o
 .debug_pubnames
                0x00000692       0x1e src/asf/common/services/gfx_mono/sysfont.o
 .debug_pubnames
                0x000006b0       0x3a src/asf/common/services/sleepmgr/xmega/sleepmgr.o
 .debug_pubnames
                0x000006ea       0xaf src/asf/common/services/spi/xmega_usart_spi/usart_spi.o
 .debug_pubnames
                0x00000799       0x21 src/asf/xmega/boards/xmega_a3bu_xplained/init.o
 .debug_pubnames
                0x000007ba      0x14b src/asf/xmega/drivers/adc/adc.o
 .debug_pubnames
                0x00000905       0x30 src/asf/xmega/drivers/ioport/ioport.o
 .debug_pubnames
                0x00000935      0x293 src/asf/xmega/drivers/nvm/nvm.o
 .debug_pubnames
                0x00000bc8      0x348 src/asf/xmega/drivers/tc/tc.o
 .debug_pubnames
                0x00000f10       0xd5 src/asf/xmega/drivers/usart/usart.o

.debug_info     0x00000000     0xbcf0
 *(.debug_info)
 .debug_info    0x00000000     0x1a99 src/adc_example1_gfx.o
 .debug_info    0x00001a99     0x15ef src/asf/common/components/display/st7565r/st7565r.o
 .debug_info    0x00003088      0x7e5 src/asf/common/services/clock/xmega/sysclk.o
 .debug_info    0x0000386d     0x18e1 src/asf/common/services/gfx_mono/gfx_mono_c12832_a1z.o
 .debug_info    0x0000514e      0x3dc src/asf/common/services/gfx_mono/gfx_mono_framebuffer.o
 .debug_info    0x0000552a      0x685 src/asf/common/services/gfx_mono/gfx_mono_generic.o
 .debug_info    0x00005baf      0x3e2 src/asf/common/services/gfx_mono/gfx_mono_menu.o
 .debug_info    0x00005f91      0x662 src/asf/common/services/gfx_mono/gfx_mono_text.o
 .debug_info    0x000065f3      0x1a0 src/asf/common/services/gfx_mono/sysfont.o
 .debug_info    0x00006793      0x162 src/asf/common/services/sleepmgr/xmega/sleepmgr.o
 .debug_info    0x000068f5      0x9ac src/asf/common/services/spi/xmega_usart_spi/usart_spi.o
 .debug_info    0x000072a1      0x438 src/asf/xmega/boards/xmega_a3bu_xplained/init.o
 .debug_info    0x000076d9     0x1218 src/asf/xmega/drivers/adc/adc.o
 .debug_info    0x000088f1       0xaa src/asf/xmega/drivers/cpu/ccp.o
 .debug_info    0x0000899b      0x115 src/asf/xmega/drivers/ioport/ioport.o
 .debug_info    0x00008ab0      0xf5f src/asf/xmega/drivers/nvm/nvm.o
 .debug_info    0x00009a0f       0xaa src/asf/xmega/drivers/nvm/nvm_asm.o
 .debug_info    0x00009ab9     0x1669 src/asf/xmega/drivers/tc/tc.o
 .debug_info    0x0000b122      0xbce src/asf/xmega/drivers/usart/usart.o
 *(.gnu.linkonce.wi.*)

.debug_abbrev   0x00000000     0x21c8
 *(.debug_abbrev)
 .debug_abbrev  0x00000000      0x34d src/adc_example1_gfx.o
 .debug_abbrev  0x0000034d      0x23f src/asf/common/components/display/st7565r/st7565r.o
 .debug_abbrev  0x0000058c      0x247 src/asf/common/services/clock/xmega/sysclk.o
 .debug_abbrev  0x000007d3      0x2d1 src/asf/common/services/gfx_mono/gfx_mono_c12832_a1z.o
 .debug_abbrev  0x00000aa4       0xfd src/asf/common/services/gfx_mono/gfx_mono_framebuffer.o
 .debug_abbrev  0x00000ba1      0x178 src/asf/common/services/gfx_mono/gfx_mono_generic.o
 .debug_abbrev  0x00000d19      0x15d src/asf/common/services/gfx_mono/gfx_mono_menu.o
 .debug_abbrev  0x00000e76      0x1ef src/asf/common/services/gfx_mono/gfx_mono_text.o
 .debug_abbrev  0x00001065       0xe1 src/asf/common/services/gfx_mono/sysfont.o
 .debug_abbrev  0x00001146       0x9b src/asf/common/services/sleepmgr/xmega/sleepmgr.o
 .debug_abbrev  0x000011e1      0x250 src/asf/common/services/spi/xmega_usart_spi/usart_spi.o
 .debug_abbrev  0x00001431      0x10a src/asf/xmega/boards/xmega_a3bu_xplained/init.o
 .debug_abbrev  0x0000153b      0x360 src/asf/xmega/drivers/adc/adc.o
 .debug_abbrev  0x0000189b       0x14 src/asf/xmega/drivers/cpu/ccp.o
 .debug_abbrev  0x000018af       0x86 src/asf/xmega/drivers/ioport/ioport.o
 .debug_abbrev  0x00001935      0x348 src/asf/xmega/drivers/nvm/nvm.o
 .debug_abbrev  0x00001c7d       0x12 src/asf/xmega/drivers/nvm/nvm_asm.o
 .debug_abbrev  0x00001c8f      0x24a src/asf/xmega/drivers/tc/tc.o
 .debug_abbrev  0x00001ed9      0x2ef src/asf/xmega/drivers/usart/usart.o

.debug_line     0x00000000     0xb672
 *(.debug_line)
 .debug_line    0x00000000      0xeb2 src/adc_example1_gfx.o
 .debug_line    0x00000eb2      0xb75 src/asf/common/components/display/st7565r/st7565r.o
 .debug_line    0x00001a27      0x7b9 src/asf/common/services/clock/xmega/sysclk.o
 .debug_line    0x000021e0      0xf3e src/asf/common/services/gfx_mono/gfx_mono_c12832_a1z.o
 .debug_line    0x0000311e      0x9bf src/asf/common/services/gfx_mono/gfx_mono_framebuffer.o
 .debug_line    0x00003add      0xe21 src/asf/common/services/gfx_mono/gfx_mono_generic.o
 .debug_line    0x000048fe      0x989 src/asf/common/services/gfx_mono/gfx_mono_menu.o
 .debug_line    0x00005287      0xaf2 src/asf/common/services/gfx_mono/gfx_mono_text.o
 .debug_line    0x00005d79      0x7fd src/asf/common/services/gfx_mono/sysfont.o
 .debug_line    0x00006576      0x4f2 src/asf/common/services/sleepmgr/xmega/sleepmgr.o
 .debug_line    0x00006a68      0x897 src/asf/common/services/spi/xmega_usart_spi/usart_spi.o
 .debug_line    0x000072ff      0x4fa src/asf/xmega/boards/xmega_a3bu_xplained/init.o
 .debug_line    0x000077f9      0xd5a src/asf/xmega/drivers/adc/adc.o
 .debug_line    0x00008553       0x54 src/asf/xmega/drivers/cpu/ccp.o
 .debug_line    0x000085a7      0x4b6 src/asf/xmega/drivers/ioport/ioport.o
 .debug_line    0x00008a5d      0xf02 src/asf/xmega/drivers/nvm/nvm.o
 .debug_line    0x0000995f       0x8a src/asf/xmega/drivers/nvm/nvm_asm.o
 .debug_line    0x000099e9     0x11fc src/asf/xmega/drivers/tc/tc.o
 .debug_line    0x0000abe5      0xa8d src/asf/xmega/drivers/usart/usart.o

.debug_frame    0x00000000      0xa00
 *(.debug_frame)
 .debug_frame   0x00000000       0x80 src/adc_example1_gfx.o
 .debug_frame   0x00000080       0x20 src/asf/common/components/display/st7565r/st7565r.o
 .debug_frame   0x000000a0       0x60 src/asf/common/services/clock/xmega/sysclk.o
 .debug_frame   0x00000100       0xa0 src/asf/common/services/gfx_mono/gfx_mono_c12832_a1z.o
 .debug_frame   0x000001a0       0x90 src/asf/common/services/gfx_mono/gfx_mono_framebuffer.o
 .debug_frame   0x00000230       0x90 src/asf/common/services/gfx_mono/gfx_mono_generic.o
 .debug_frame   0x000002c0       0x40 src/asf/common/services/gfx_mono/gfx_mono_menu.o
 .debug_frame   0x00000300       0x60 src/asf/common/services/gfx_mono/gfx_mono_text.o
 .debug_frame   0x00000360       0x70 src/asf/common/services/spi/xmega_usart_spi/usart_spi.o
 .debug_frame   0x000003d0       0x20 src/asf/xmega/boards/xmega_a3bu_xplained/init.o
 .debug_frame   0x000003f0      0x130 src/asf/xmega/drivers/adc/adc.o
 .debug_frame   0x00000520       0x20 src/asf/xmega/drivers/ioport/ioport.o
 .debug_frame   0x00000540      0x160 src/asf/xmega/drivers/nvm/nvm.o
 .debug_frame   0x000006a0      0x2d0 src/asf/xmega/drivers/tc/tc.o
 .debug_frame   0x00000970       0x90 src/asf/xmega/drivers/usart/usart.o

.debug_str      0x00000000     0x3b9d
 *(.debug_str)
 .debug_str     0x00000000     0x1428 src/adc_example1_gfx.o
                               0x14c5 (size before relaxing)
 .debug_str     0x00001428      0x335 src/asf/common/components/display/st7565r/st7565r.o
                                0x673 (size before relaxing)
 .debug_str     0x0000175d      0x2e8 src/asf/common/services/clock/xmega/sysclk.o
                                0x5d3 (size before relaxing)
 .debug_str     0x00001a45      0x20d src/asf/common/services/gfx_mono/gfx_mono_c12832_a1z.o
                                0x595 (size before relaxing)
 .debug_str     0x00001c52      0x14b src/asf/common/services/gfx_mono/gfx_mono_framebuffer.o
                                0x322 (size before relaxing)
 .debug_str     0x00001d9d      0x225 src/asf/common/services/gfx_mono/gfx_mono_generic.o
                                0x414 (size before relaxing)
 .debug_str     0x00001fc2      0x147 src/asf/common/services/gfx_mono/gfx_mono_menu.o
                                0x35f (size before relaxing)
 .debug_str     0x00002109      0x188 src/asf/common/services/gfx_mono/gfx_mono_text.o
                                0x379 (size before relaxing)
 .debug_str     0x00002291       0x3d src/asf/common/services/gfx_mono/sysfont.o
                                0x1da (size before relaxing)
 .debug_str     0x000022ce       0x35 src/asf/common/services/sleepmgr/xmega/sleepmgr.o
                                0x25d (size before relaxing)
 .debug_str     0x00002303      0x20b src/asf/common/services/spi/xmega_usart_spi/usart_spi.o
                                0x5f9 (size before relaxing)
 .debug_str     0x0000250e       0x64 src/asf/xmega/boards/xmega_a3bu_xplained/init.o
                                0x293 (size before relaxing)
 .debug_str     0x00002572      0x75f src/asf/xmega/drivers/adc/adc.o
                                0xc95 (size before relaxing)
 .debug_str     0x00002cd1       0x4c src/asf/xmega/drivers/ioport/ioport.o
                                0x18c (size before relaxing)
 .debug_str     0x00002d1d      0x51a src/asf/xmega/drivers/nvm/nvm.o
                                0xa79 (size before relaxing)
 .debug_str     0x00003237      0x5f9 src/asf/xmega/drivers/tc/tc.o
                                0xcde (size before relaxing)
 .debug_str     0x00003830      0x36d src/asf/xmega/drivers/usart/usart.o
                                0x9c3 (size before relaxing)

.debug_loc      0x00000000     0x4822
 *(.debug_loc)
 .debug_loc     0x00000000      0x1e5 src/adc_example1_gfx.o
 .debug_loc     0x000001e5      0x672 src/asf/common/components/display/st7565r/st7565r.o
 .debug_loc     0x00000857      0x210 src/asf/common/services/clock/xmega/sysclk.o
 .debug_loc     0x00000a67      0x82d src/asf/common/services/gfx_mono/gfx_mono_c12832_a1z.o
 .debug_loc     0x00001294      0x376 src/asf/common/services/gfx_mono/gfx_mono_framebuffer.o
 .debug_loc     0x0000160a      0xa45 src/asf/common/services/gfx_mono/gfx_mono_generic.o
 .debug_loc     0x0000204f      0x14f src/asf/common/services/gfx_mono/gfx_mono_menu.o
 .debug_loc     0x0000219e      0x759 src/asf/common/services/gfx_mono/gfx_mono_text.o
 .debug_loc     0x000028f7      0x31a src/asf/common/services/spi/xmega_usart_spi/usart_spi.o
 .debug_loc     0x00002c11      0x5bd src/asf/xmega/drivers/adc/adc.o
 .debug_loc     0x000031ce       0x4c src/asf/xmega/drivers/ioport/ioport.o
 .debug_loc     0x0000321a      0xb0a src/asf/xmega/drivers/nvm/nvm.o
 .debug_loc     0x00003d24      0x2ba src/asf/xmega/drivers/tc/tc.o
 .debug_loc     0x00003fde      0x844 src/asf/xmega/drivers/usart/usart.o

.debug_macinfo  0x00000000   0x276b88
 *(.debug_macinfo)
 .debug_macinfo
                0x00000000    0x284f0 src/adc_example1_gfx.o
 .debug_macinfo
                0x000284f0    0x25525 src/asf/common/components/display/st7565r/st7565r.o
 .debug_macinfo
                0x0004da15    0x24413 src/asf/common/services/clock/xmega/sysclk.o
 .debug_macinfo
                0x00071e28    0x25f07 src/asf/common/services/gfx_mono/gfx_mono_c12832_a1z.o
 .debug_macinfo
                0x00097d2f    0x25ee9 src/asf/common/services/gfx_mono/gfx_mono_framebuffer.o
 .debug_macinfo
                0x000bdc18    0x25ee9 src/asf/common/services/gfx_mono/gfx_mono_generic.o
 .debug_macinfo
                0x000e3b01    0x27190 src/asf/common/services/gfx_mono/gfx_mono_menu.o
 .debug_macinfo
                0x0010ac91    0x25f71 src/asf/common/services/gfx_mono/gfx_mono_text.o
 .debug_macinfo
                0x00130c02    0x27000 src/asf/common/services/gfx_mono/sysfont.o
 .debug_macinfo
                0x00157c02    0x22c9c src/asf/common/services/sleepmgr/xmega/sleepmgr.o
 .debug_macinfo
                0x0017a89e    0x24ae8 src/asf/common/services/spi/xmega_usart_spi/usart_spi.o
 .debug_macinfo
                0x0019f386    0x23f89 src/asf/xmega/boards/xmega_a3bu_xplained/init.o
 .debug_macinfo
                0x001c330f    0x24c27 src/asf/xmega/drivers/adc/adc.o
 .debug_macinfo
                0x001e7f36    0x22e93 src/asf/xmega/drivers/ioport/ioport.o
 .debug_macinfo
                0x0020adc9    0x22be9 src/asf/xmega/drivers/nvm/nvm.o
 .debug_macinfo
                0x0022d9b2    0x247c3 src/asf/xmega/drivers/tc/tc.o
 .debug_macinfo
                0x00252175    0x24a13 src/asf/xmega/drivers/usart/usart.o
OUTPUT(ADC_EXAMPLE1_GFX1.elf elf32-avr)
LOAD linker stubs

.BOOT           0x00040000        0x0

.debug_pubtypes
                0x00000000      0xf95
 .debug_pubtypes
                0x00000000      0x2ce src/adc_example1_gfx.o
 .debug_pubtypes
                0x000002ce      0x119 src/asf/common/components/display/st7565r/st7565r.o
 .debug_pubtypes
                0x000003e7       0xf1 src/asf/common/services/clock/xmega/sysclk.o
 .debug_pubtypes
                0x000004d8       0xc7 src/asf/common/services/gfx_mono/gfx_mono_c12832_a1z.o
 .debug_pubtypes
                0x0000059f       0x63 src/asf/common/services/gfx_mono/gfx_mono_framebuffer.o
 .debug_pubtypes
                0x00000602       0xa7 src/asf/common/services/gfx_mono/gfx_mono_generic.o
 .debug_pubtypes
                0x000006a9       0xcc src/asf/common/services/gfx_mono/gfx_mono_menu.o
 .debug_pubtypes
                0x00000775       0x6a src/asf/common/services/gfx_mono/gfx_mono_text.o
 .debug_pubtypes
                0x000007df       0x47 src/asf/common/services/gfx_mono/sysfont.o
 .debug_pubtypes
                0x00000826       0x45 src/asf/common/services/sleepmgr/xmega/sleepmgr.o
 .debug_pubtypes
                0x0000086b      0x149 src/asf/common/services/spi/xmega_usart_spi/usart_spi.o
 .debug_pubtypes
                0x000009b4       0x87 src/asf/xmega/boards/xmega_a3bu_xplained/init.o
 .debug_pubtypes
                0x00000a3b      0x186 src/asf/xmega/drivers/adc/adc.o
 .debug_pubtypes
                0x00000bc1       0x4f src/asf/xmega/drivers/ioport/ioport.o
 .debug_pubtypes
                0x00000c10       0xb9 src/asf/xmega/drivers/nvm/nvm.o
 .debug_pubtypes
                0x00000cc9       0xed src/asf/xmega/drivers/tc/tc.o
 .debug_pubtypes
                0x00000db6      0x1df src/asf/xmega/drivers/usart/usart.o

.debug_ranges   0x00000000      0x790
 .debug_ranges  0x00000000       0x40 src/adc_example1_gfx.o
 .debug_ranges  0x00000040       0x10 src/asf/common/components/display/st7565r/st7565r.o
 .debug_ranges  0x00000050       0x30 src/asf/common/services/clock/xmega/sysclk.o
 .debug_ranges  0x00000080      0x248 src/asf/common/services/gfx_mono/gfx_mono_c12832_a1z.o
 .debug_ranges  0x000002c8       0x48 src/asf/common/services/gfx_mono/gfx_mono_framebuffer.o
 .debug_ranges  0x00000310       0x48 src/asf/common/services/gfx_mono/gfx_mono_generic.o
 .debug_ranges  0x00000358       0x20 src/asf/common/services/gfx_mono/gfx_mono_menu.o
 .debug_ranges  0x00000378       0x48 src/asf/common/services/gfx_mono/gfx_mono_text.o
 .debug_ranges  0x000003c0       0x98 src/asf/common/services/spi/xmega_usart_spi/usart_spi.o
 .debug_ranges  0x00000458       0x10 src/asf/xmega/boards/xmega_a3bu_xplained/init.o
 .debug_ranges  0x00000468       0x98 src/asf/xmega/drivers/adc/adc.o
 .debug_ranges  0x00000500       0x10 src/asf/xmega/drivers/ioport/ioport.o
 .debug_ranges  0x00000510       0xb0 src/asf/xmega/drivers/nvm/nvm.o
 .debug_ranges  0x000005c0       0x20 src/asf/xmega/drivers/nvm/nvm_asm.o
 .debug_ranges  0x000005e0      0x168 src/asf/xmega/drivers/tc/tc.o
 .debug_ranges  0x00000748       0x48 src/asf/xmega/drivers/usart/usart.o
